Archive member included to satisfy reference by file (symbol)

d:/st/stm32cubeide_1.6.0/stm32cubeide/plugins/com.st.stm32cube.ide.mcu.externaltools.gnu-tools-for-stm32.9-2020-q2-update.win32_1.5.0.202011040924/tools/bin/../lib/gcc/arm-none-eabi/9.3.1/../../../../arm-none-eabi/lib/thumb/v7e-m+fp/hard\libc_nano.a(lib_a-atof.o)
                              Core/Src/gps_neo6.o (atof)
d:/st/stm32cubeide_1.6.0/stm32cubeide/plugins/com.st.stm32cube.ide.mcu.externaltools.gnu-tools-for-stm32.9-2020-q2-update.win32_1.5.0.202011040924/tools/bin/../lib/gcc/arm-none-eabi/9.3.1/../../../../arm-none-eabi/lib/thumb/v7e-m+fp/hard\libc_nano.a(lib_a-atoi.o)
                              Core/Src/gps_neo6.o (atoi)
d:/st/stm32cubeide_1.6.0/stm32cubeide/plugins/com.st.stm32cube.ide.mcu.externaltools.gnu-tools-for-stm32.9-2020-q2-update.win32_1.5.0.202011040924/tools/bin/../lib/gcc/arm-none-eabi/9.3.1/../../../../arm-none-eabi/lib/thumb/v7e-m+fp/hard\libc_nano.a(lib_a-errno.o)
                              Core/Src/syscalls.o (__errno)
d:/st/stm32cubeide_1.6.0/stm32cubeide/plugins/com.st.stm32cube.ide.mcu.externaltools.gnu-tools-for-stm32.9-2020-q2-update.win32_1.5.0.202011040924/tools/bin/../lib/gcc/arm-none-eabi/9.3.1/../../../../arm-none-eabi/lib/thumb/v7e-m+fp/hard\libc_nano.a(lib_a-exit.o)
                              d:/st/stm32cubeide_1.6.0/stm32cubeide/plugins/com.st.stm32cube.ide.mcu.externaltools.gnu-tools-for-stm32.9-2020-q2-update.win32_1.5.0.202011040924/tools/bin/../lib/gcc/arm-none-eabi/9.3.1/../../../../arm-none-eabi/lib/thumb/v7e-m+fp/hard/crt0.o (exit)
d:/st/stm32cubeide_1.6.0/stm32cubeide/plugins/com.st.stm32cube.ide.mcu.externaltools.gnu-tools-for-stm32.9-2020-q2-update.win32_1.5.0.202011040924/tools/bin/../lib/gcc/arm-none-eabi/9.3.1/../../../../arm-none-eabi/lib/thumb/v7e-m+fp/hard\libc_nano.a(lib_a-impure.o)
                              d:/st/stm32cubeide_1.6.0/stm32cubeide/plugins/com.st.stm32cube.ide.mcu.externaltools.gnu-tools-for-stm32.9-2020-q2-update.win32_1.5.0.202011040924/tools/bin/../lib/gcc/arm-none-eabi/9.3.1/../../../../arm-none-eabi/lib/thumb/v7e-m+fp/hard\libc_nano.a(lib_a-exit.o) (_global_impure_ptr)
d:/st/stm32cubeide_1.6.0/stm32cubeide/plugins/com.st.stm32cube.ide.mcu.externaltools.gnu-tools-for-stm32.9-2020-q2-update.win32_1.5.0.202011040924/tools/bin/../lib/gcc/arm-none-eabi/9.3.1/../../../../arm-none-eabi/lib/thumb/v7e-m+fp/hard\libc_nano.a(lib_a-init.o)
                              d:/st/stm32cubeide_1.6.0/stm32cubeide/plugins/com.st.stm32cube.ide.mcu.externaltools.gnu-tools-for-stm32.9-2020-q2-update.win32_1.5.0.202011040924/tools/bin/../lib/gcc/arm-none-eabi/9.3.1/../../../../arm-none-eabi/lib/thumb/v7e-m+fp/hard/crt0.o (__libc_init_array)
d:/st/stm32cubeide_1.6.0/stm32cubeide/plugins/com.st.stm32cube.ide.mcu.externaltools.gnu-tools-for-stm32.9-2020-q2-update.win32_1.5.0.202011040924/tools/bin/../lib/gcc/arm-none-eabi/9.3.1/../../../../arm-none-eabi/lib/thumb/v7e-m+fp/hard\libc_nano.a(lib_a-memset.o)
                              d:/st/stm32cubeide_1.6.0/stm32cubeide/plugins/com.st.stm32cube.ide.mcu.externaltools.gnu-tools-for-stm32.9-2020-q2-update.win32_1.5.0.202011040924/tools/bin/../lib/gcc/arm-none-eabi/9.3.1/../../../../arm-none-eabi/lib/thumb/v7e-m+fp/hard/crt0.o (memset)
d:/st/stm32cubeide_1.6.0/stm32cubeide/plugins/com.st.stm32cube.ide.mcu.externaltools.gnu-tools-for-stm32.9-2020-q2-update.win32_1.5.0.202011040924/tools/bin/../lib/gcc/arm-none-eabi/9.3.1/../../../../arm-none-eabi/lib/thumb/v7e-m+fp/hard\libc_nano.a(lib_a-nano-vfprintf_float.o)
                              (_printf_float)
d:/st/stm32cubeide_1.6.0/stm32cubeide/plugins/com.st.stm32cube.ide.mcu.externaltools.gnu-tools-for-stm32.9-2020-q2-update.win32_1.5.0.202011040924/tools/bin/../lib/gcc/arm-none-eabi/9.3.1/../../../../arm-none-eabi/lib/thumb/v7e-m+fp/hard\libc_nano.a(lib_a-nano-vfprintf_i.o)
                              d:/st/stm32cubeide_1.6.0/stm32cubeide/plugins/com.st.stm32cube.ide.mcu.externaltools.gnu-tools-for-stm32.9-2020-q2-update.win32_1.5.0.202011040924/tools/bin/../lib/gcc/arm-none-eabi/9.3.1/../../../../arm-none-eabi/lib/thumb/v7e-m+fp/hard\libc_nano.a(lib_a-nano-vfprintf_float.o) (_printf_common)
d:/st/stm32cubeide_1.6.0/stm32cubeide/plugins/com.st.stm32cube.ide.mcu.externaltools.gnu-tools-for-stm32.9-2020-q2-update.win32_1.5.0.202011040924/tools/bin/../lib/gcc/arm-none-eabi/9.3.1/../../../../arm-none-eabi/lib/thumb/v7e-m+fp/hard\libc_nano.a(lib_a-sprintf.o)
                              Core/Src/SD.o (sprintf)
d:/st/stm32cubeide_1.6.0/stm32cubeide/plugins/com.st.stm32cube.ide.mcu.externaltools.gnu-tools-for-stm32.9-2020-q2-update.win32_1.5.0.202011040924/tools/bin/../lib/gcc/arm-none-eabi/9.3.1/../../../../arm-none-eabi/lib/thumb/v7e-m+fp/hard\libc_nano.a(lib_a-strcmp.o)
                              Core/Src/gps_neo6.o (strcmp)
[...]
Memory Configuration

Name             Origin             Length             Attributes
RAM              0x0000000020000000 0x0000000000020000 xrw
FLASH            0x0000000008000000 0x0000000000080000 xr
*default*        0x0000000000000000 0xffffffffffffffff

Linker script and memory map

LOAD d:/st/stm32cubeide_1.6.0/stm32cubeide/plugins/com.st.stm32cube.ide.mcu.externaltools.gnu-tools-for-stm32.9-2020-q2-update.win32_1.5.0.202011040924/tools/bin/../lib/gcc/arm-none-eabi/9.3.1/thumb/v7e-m+fp/hard/crti.o
LOAD d:/st/stm32cubeide_1.6.0/stm32cubeide/plugins/com.st.stm32cube.ide.mcu.externaltools.gnu-tools-for-stm32.9-2020-q2-update.win32_1.5.0.202011040924/tools/bin/../lib/gcc/arm-none-eabi/9.3.1/thumb/v7e-m+fp/hard/crtbegin.o
LOAD d:/st/stm32cubeide_1.6.0/stm32cubeide/plugins/com.st.stm32cube.ide.mcu.externaltools.gnu-tools-for-stm32.9-2020-q2-update.win32_1.5.0.202011040924/tools/bin/../lib/gcc/arm-none-eabi/9.3.1/../../../../arm-none-eabi/lib/thumb/v7e-m+fp/hard/crt0.o
LOAD Core/Src/EnhancedFonts/arialBlack_20ptFontInfo.o
LOAD Core/Src/GFX_Color.o
LOAD Core/Src/GFX_EnhancedFonts.o
LOAD Core/Src/SD.o
LOAD Core/Src/TFT_ILI9341.o
LOAD Core/Src/XPT2064.o
LOAD Core/Src/gpio.o
LOAD Core/Src/gps_neo6.o
LOAD Core/Src/gui.o
LOAD Core/Src/main.o
LOAD Core/Src/rtc.o
LOAD Core/Src/spi.o
LOAD Core/Src/stm32f4xx_hal_msp.o
LOAD Core/Src/stm32f4xx_it.o
LOAD Core/Src/syscalls.o
LOAD Core/Src/sysmem.o
LOAD Core/Src/system_stm32f4xx.o
LOAD Core/Src/usart.o
LOAD Core/Startup/startup_stm32f411retx.o
LOAD Drivers/STM32F4xx_HAL_Driver/Src/stm32f4xx_hal.o
LOAD Drivers/STM32F4xx_HAL_Driver/Src/stm32f4xx_hal_cortex.o
LOAD Drivers/STM32F4xx_HAL_Driver/Src/stm32f4xx_hal_dma.o
LOAD Drivers/STM32F4xx_HAL_Driver/Src/stm32f4xx_hal_dma_ex.o
LOAD Drivers/STM32F4xx_HAL_Driver/Src/stm32f4xx_hal_exti.o
LOAD Drivers/STM32F4xx_HAL_Driver/Src/stm32f4xx_hal_flash.o
LOAD Drivers/STM32F4xx_HAL_Driver/Src/stm32f4xx_hal_flash_ex.o
LOAD Drivers/STM32F4xx_HAL_Driver/Src/stm32f4xx_hal_flash_ramfunc.o
LOAD Drivers/STM32F4xx_HAL_Driver/Src/stm32f4xx_hal_gpio.o
LOAD Drivers/STM32F4xx_HAL_Driver/Src/stm32f4xx_hal_pwr.o
LOAD Drivers/STM32F4xx_HAL_Driver/Src/stm32f4xx_hal_pwr_ex.o
LOAD Drivers/STM32F4xx_HAL_Driver/Src/stm32f4xx_hal_rcc.o
LOAD Drivers/STM32F4xx_HAL_Driver/Src/stm32f4xx_hal_rcc_ex.o
LOAD Drivers/STM32F4xx_HAL_Driver/Src/stm32f4xx_hal_rtc.o
LOAD Drivers/STM32F4xx_HAL_Driver/Src/stm32f4xx_hal_rtc_ex.o
LOAD Drivers/STM32F4xx_HAL_Driver/Src/stm32f4xx_hal_spi.o
LOAD Drivers/STM32F4xx_HAL_Driver/Src/stm32f4xx_hal_tim.o
LOAD Drivers/STM32F4xx_HAL_Driver/Src/stm32f4xx_hal_tim_ex.o
LOAD Drivers/STM32F4xx_HAL_Driver/Src/stm32f4xx_hal_uart.o
LOAD FATFS/App/fatfs.o
LOAD FATFS/Target/user_diskio.o
LOAD FATFS/Target/user_diskio_spi.o
LOAD Middlewares/Third_Party/FatFs/src/diskio.o
LOAD Middlewares/Third_Party/FatFs/src/ff.o
LOAD Middlewares/Third_Party/FatFs/src/ff_gen_drv.o
LOAD Middlewares/Third_Party/FatFs/src/option/syscall.o
START GROUP
LOAD d:/st/stm32cubeide_1.6.0/stm32cubeide/plugins/com.st.stm32cube.ide.mcu.externaltools.gnu-tools-for-stm32.9-2020-q2-update.win32_1.5.0.202011040924/tools/bin/../lib/gcc/arm-none-eabi/9.3.1/../../../../arm-none-eabi/lib/thumb/v7e-m+fp/hard\libc_nano.a
LOAD d:/st/stm32cubeide_1.6.0/stm32cubeide/plugins/com.st.stm32cube.ide.mcu.externaltools.gnu-tools-for-stm32.9-2020-q2-update.win32_1.5.0.202011040924/tools/bin/../lib/gcc/arm-none-eabi/9.3.1/../../../../arm-none-eabi/lib/thumb/v7e-m+fp/hard\libm.a
END GROUP
START GROUP
LOAD d:/st/stm32cubeide_1.6.0/stm32cubeide/plugins/com.st.stm32cube.ide.mcu.externaltools.gnu-tools-for-stm32.9-2020-q2-update.win32_1.5.0.202011040924/tools/bin/../lib/gcc/arm-none-eabi/9.3.1/thumb/v7e-m+fp/hard\libgcc.a
LOAD d:/st/stm32cubeide_1.6.0/stm32cubeide/plugins/com.st.stm32cube.ide.mcu.externaltools.gnu-tools-for-stm32.9-2020-q2-update.win32_1.5.0.202011040924/tools/bin/../lib/gcc/arm-none-eabi/9.3.1/../../../../arm-none-eabi/lib/thumb/v7e-m+fp/hard\libc_nano.a
END GROUP
START GROUP
LOAD d:/st/stm32cubeide_1.6.0/stm32cubeide/plugins/com.st.stm32cube.ide.mcu.externaltools.gnu-tools-for-stm32.9-2020-q2-update.win32_1.5.0.202011040924/tools/bin/../lib/gcc/arm-none-eabi/9.3.1/thumb/v7e-m+fp/hard\libgcc.a
LOAD d:/st/stm32cubeide_1.6.0/stm32cubeide/plugins/com.st.stm32cube.ide.mcu.externaltools.gnu-tools-for-stm32.9-2020-q2-update.win32_1.5.0.202011040924/tools/bin/../lib/gcc/arm-none-eabi/9.3.1/../../../../arm-none-eabi/lib/thumb/v7e-m+fp/hard\libc_nano.a
LOAD d:/st/stm32cubeide_1.6.0/stm32cubeide/plugins/com.st.stm32cube.ide.mcu.externaltools.gnu-tools-for-stm32.9-2020-q2-update.win32_1.5.0.202011040924/tools/bin/../lib/gcc/arm-none-eabi/9.3.1/../../../../arm-none-eabi/lib/thumb/v7e-m+fp/hard\libnosys.a
END GROUP
START GROUP
LOAD d:/st/stm32cubeide_1.6.0/stm32cubeide/plugins/com.st.stm32cube.ide.mcu.externaltools.gnu-tools-for-stm32.9-2020-q2-update.win32_1.5.0.202011040924/tools/bin/../lib/gcc/arm-none-eabi/9.3.1/thumb/v7e-m+fp/hard\libgcc.a
LOAD d:/st/stm32cubeide_1.6.0/stm32cubeide/plugins/com.st.stm32cube.ide.mcu.externaltools.gnu-tools-for-stm32.9-2020-q2-update.win32_1.5.0.202011040924/tools/bin/../lib/gcc/arm-none-eabi/9.3.1/../../../../arm-none-eabi/lib/thumb/v7e-m+fp/hard\libc_nano.a
LOAD d:/st/stm32cubeide_1.6.0/stm32cubeide/plugins/com.st.stm32cube.ide.mcu.externaltools.gnu-tools-for-stm32.9-2020-q2-update.win32_1.5.0.202011040924/tools/bin/../lib/gcc/arm-none-eabi/9.3.1/../../../../arm-none-eabi/lib/thumb/v7e-m+fp/hard\libnosys.a
END GROUP
LOAD d:/st/stm32cubeide_1.6.0/stm32cubeide/plugins/com.st.stm32cube.ide.mcu.externaltools.gnu-tools-for-stm32.9-2020-q2-update.win32_1.5.0.202011040924/tools/bin/../lib/gcc/arm-none-eabi/9.3.1/thumb/v7e-m+fp/hard/crtend.o
LOAD d:/st/stm32cubeide_1.6.0/stm32cubeide/plugins/com.st.stm32cube.ide.mcu.externaltools.gnu-tools-for-stm32.9-2020-q2-update.win32_1.5.0.202011040924/tools/bin/../lib/gcc/arm-none-eabi/9.3.1/thumb/v7e-m+fp/hard/crtn.o
                0x0000000020020000                _estack = (ORIGIN (RAM) + LENGTH (RAM))
                0x0000000000000200                _Min_Heap_Size = 0x200
                0x0000000000000400                _Min_Stack_Size = 0x400

.isr_vector     0x0000000008000000      0x198
                0x0000000008000000                . = ALIGN (0x4)
 *(.isr_vector)
 .isr_vector    0x0000000008000000      0x198 Core/Startup/startup_stm32f411retx.o
                0x0000000008000000                g_pfnVectors
                0x0000000008000198                . = ALIGN (0x4)

.text           0x00000000080001a0     0xe068
                0x00000000080001a0                . = ALIGN (0x4)
 *(.text)
 .text          0x00000000080001a0       0x40 d:/st/stm32cubeide_1.6.0/stm32cubeide/plugins/com.st.stm32cube.ide.mcu.externaltools.gnu-tools-for-stm32.9-2020-q2-update.win32_1.5.0.202011040924/tools/bin/../lib/gcc/arm-none-eabi/9.3.1/thumb/v7e-m+fp/hard/crtbegin.o
 .text          0x00000000080001e0       0x14 d:/st/stm32cubeide_1.6.0/stm32cubeide/plugins/com.st.stm32cube.ide.mcu.externaltools.gnu-tools-for-stm32.9-2020-q2-update.win32_1.5.0.202011040924/tools/bin/../lib/gcc/arm-none-eabi/9.3.1/../../../../arm-none-eabi/lib/thumb/v7e-m+fp/hard\libc_nano.a(lib_a-strcmp.o)
                0x00000000080001e0                strcmp
 .text          0x00000000080001f4       0x10 d:/st/stm32cubeide_1.6.0/stm32cubeide/plugins/com.st.stm32cube.ide.mcu.externaltools.gnu-tools-for-stm32.9-2020-q2-update.win32_1.5.0.202011040924/tools/bin/../lib/gcc/arm-none-eabi/9.3.1/../../../../arm-none-eabi/lib/thumb/v7e-m+fp/hard\libc_nano.a(lib_a-strlen.o)
                0x00000000080001f4                strlen
 *fill*         0x0000000008000204        0xc 
 .text          0x0000000008000210       0xa0 d:/st/stm32cubeide_1.6.0/stm32cubeide/plugins/com.st.stm32cube.ide.mcu.externaltools.gnu-tools-for-stm32.9-2020-q2-update.win32_1.5.0.202011040924/tools/bin/../lib/gcc/arm-none-eabi/9.3.1/../../../../arm-none-eabi/lib/thumb/v7e-m+fp/hard\libc_nano.a(lib_a-memchr.o)
                0x0000000008000210                memchr
 .text          0x00000000080002b0      0x378 d:/st/stm32cubeide_1.6.0/stm32cubeide/plugins/com.st.stm32cube.ide.mcu.externaltools.gnu-tools-for-stm32.9-2020-q2-update.win32_1.5.0.202011040924/tools/bin/../lib/gcc/arm-none-eabi/9.3.1/thumb/v7e-m+fp/hard\libgcc.a(_arm_addsubdf3.o)
                0x00000000080002b0                __aeabi_drsub
                0x00000000080002b8                __aeabi_dsub
                0x00000000080002b8                __subdf3
                0x00000000080002bc                __aeabi_dadd
                0x00000000080002bc                __adddf3
                0x0000000008000534                __floatunsidf
                0x0000000008000534                __aeabi_ui2d
                0x0000000008000554                __floatsidf
                0x0000000008000554                __aeabi_i2d
                0x0000000008000578                __aeabi_f2d
                0x0000000008000578                __extendsfdf2
                0x00000000080005bc                __floatundidf
                0x00000000080005bc                __aeabi_ul2d
                0x00000000080005cc                __floatdidf
                0x00000000080005cc                __aeabi_l2d
 .text          0x0000000008000628      0x424 d:/st/stm32cubeide_1.6.0/stm32cubeide/plugins/com.st.stm32cube.ide.mcu.externaltools.gnu-tools-for-stm32.9-2020-q2-update.win32_1.5.0.202011040924/tools/bin/../lib/gcc/arm-none-eabi/9.3.1/thumb/v7e-m+fp/hard\libgcc.a(_arm_muldivdf3.o)
                0x0000000008000628                __aeabi_dmul
                0x0000000008000628                __muldf3
                0x000000000800087c                __divdf3
                0x000000000800087c                __aeabi_ddiv
 .text          0x0000000008000a4c      0x110 d:/st/stm32cubeide_1.6.0/stm32cubeide/plugins/com.st.stm32cube.ide.mcu.externaltools.gnu-tools-for-stm32.9-2020-q2-update.win32_1.5.0.202011040924/tools/bin/../lib/gcc/arm-none-eabi/9.3.1/thumb/v7e-m+fp/hard\libgcc.a(_arm_cmpdf2.o)
                0x0000000008000a4c                __gtdf2
                0x0000000008000a4c                __gedf2
                0x0000000008000a54                __ltdf2
                0x0000000008000a54                __ledf2
                0x0000000008000a5c                __nedf2
                0x0000000008000a5c                __eqdf2
                0x0000000008000a5c                __cmpdf2
                0x0000000008000ad8                __aeabi_cdrcmple
                0x0000000008000ae8                __aeabi_cdcmpeq
                0x0000000008000ae8                __aeabi_cdcmple
                0x0000000008000af8                __aeabi_dcmpeq
                0x0000000008000b0c                __aeabi_dcmplt
                0x0000000008000b20                __aeabi_dcmple
                0x0000000008000b34                __aeabi_dcmpge
                0x0000000008000b48                __aeabi_dcmpgt
 .text          0x0000000008000b5c       0x2c d:/st/stm32cubeide_1.6.0/stm32cubeide/plugins/com.st.stm32cube.ide.mcu.externaltools.gnu-tools-for-stm32.9-2020-q2-update.win32_1.5.0.202011040924/tools/bin/../lib/gcc/arm-none-eabi/9.3.1/thumb/v7e-m+fp/hard\libgcc.a(_arm_unorddf2.o)
                0x0000000008000b5c                __unorddf2
                0x0000000008000b5c                __aeabi_dcmpun
 .text          0x0000000008000b88       0x50 d:/st/stm32cubeide_1.6.0/stm32cubeide/plugins/com.st.stm32cube.ide.mcu.externaltools.gnu-tools-for-stm32.9-2020-q2-update.win32_1.5.0.202011040924/tools/bin/../lib/gcc/arm-none-eabi/9.3.1/thumb/v7e-m+fp/hard\libgcc.a(_arm_fixdfsi.o)
                0x0000000008000b88                __aeabi_d2iz
                0x0000000008000b88                __fixdfsi
 .text          0x0000000008000bd8       0x40 d:/st/stm32cubeide_1.6.0/stm32cubeide/plugins/com.st.stm32cube.ide.mcu.externaltools.gnu-tools-for-stm32.9-2020-q2-update.win32_1.5.0.202011040924/tools/bin/../lib/gcc/arm-none-eabi/9.3.1/thumb/v7e-m+fp/hard\libgcc.a(_arm_fixunsdfsi.o)
                0x0000000008000bd8                __aeabi_d2uiz
                0x0000000008000bd8                __fixunsdfsi
 .text          0x0000000008000c18       0x30 d:/st/stm32cubeide_1.6.0/stm32cubeide/plugins/com.st.stm32cube.ide.mcu.externaltools.gnu-tools-for-stm32.9-2020-q2-update.win32_1.5.0.202011040924/tools/bin/../lib/gcc/arm-none-eabi/9.3.1/thumb/v7e-m+fp/hard\libgcc.a(_aeabi_uldivmod.o)
                0x0000000008000c18                __aeabi_uldivmod
 .text          0x0000000008000c48       0x30 d:/st/stm32cubeide_1.6.0/stm32cubeide/plugins/com.st.stm32cube.ide.mcu.externaltools.gnu-tools-for-stm32.9-2020-q2-update.win32_1.5.0.202011040924/tools/bin/../lib/gcc/arm-none-eabi/9.3.1/thumb/v7e-m+fp/hard\libgcc.a(_fixdfdi.o)
                0x0000000008000c48                __fixdfdi
                0x0000000008000c48                __aeabi_d2lz
 .text          0x0000000008000c78       0x3c d:/st/stm32cubeide_1.6.0/stm32cubeide/plugins/com.st.stm32cube.ide.mcu.externaltools.gnu-tools-for-stm32.9-2020-q2-update.win32_1.5.0.202011040924/tools/bin/../lib/gcc/arm-none-eabi/9.3.1/thumb/v7e-m+fp/hard\libgcc.a(_fixunsdfdi.o)
                0x0000000008000c78                __fixunsdfdi
                0x0000000008000c78                __aeabi_d2ulz
 .text          0x0000000008000cb4      0x2c4 d:/st/stm32cubeide_1.6.0/stm32cubeide/plugins/com.st.stm32cube.ide.mcu.externaltools.gnu-tools-for-stm32.9-2020-q2-update.win32_1.5.0.202011040924/tools/bin/../lib/gcc/arm-none-eabi/9.3.1/thumb/v7e-m+fp/hard\libgcc.a(_udivmoddi4.o)
                0x0000000008000cb4                __udivmoddi4
 .text          0x0000000008000f78        0x4 d:/st/stm32cubeide_1.6.0/stm32cubeide/plugins/com.st.stm32cube.ide.mcu.externaltools.gnu-tools-for-stm32.9-2020-q2-update.win32_1.5.0.202011040924/tools/bin/../lib/gcc/arm-none-eabi/9.3.1/thumb/v7e-m+fp/hard\libgcc.a(_dvmd_tls.o)
                0x0000000008000f78                __aeabi_idiv0
                0x0000000008000f78                __aeabi_ldiv0
 *(.text*)
 .text.GFX_SetFont
                0x0000000008000f7c       0x20 Core/Src/GFX_Color.o
                0x0000000008000f7c                GFX_SetFont
 .text.GFX_WriteLine
                0x0000000008000f9c      0x11a Core/Src/GFX_Color.o
                0x0000000008000f9c                GFX_WriteLine
 .text.GFX_DrawFastVLine
                0x00000000080010b6       0x2e Core/Src/GFX_Color.o
                0x00000000080010b6                GFX_DrawFastVLine
 .text.GFX_DrawFastHLine
                0x00000000080010e4       0x2c Core/Src/GFX_Color.o
                0x00000000080010e4                GFX_DrawFastHLine
 .text.GFX_DrawRectangle
                0x0000000008001110       0x5a Core/Src/GFX_Color.o
                0x0000000008001110                GFX_DrawRectangle
 .text.GFX_DrawFillRectangle
                0x000000000800116a       0x44 Core/Src/GFX_Color.o
                0x000000000800116a                GFX_DrawFillRectangle
 *fill*         0x00000000080011ae        0x2 
 .text.EF_SetFont
                0x00000000080011b0       0x20 Core/Src/GFX_EnhancedFonts.o
                0x00000000080011b0                EF_SetFont
 .text.EF_GetFontHeight
                0x00000000080011d0       0x18 Core/Src/GFX_EnhancedFonts.o
                0x00000000080011d0                EF_GetFontHeight
 .text.EF_GetFontStartChar
                0x00000000080011e8       0x18 Core/Src/GFX_EnhancedFonts.o
                0x00000000080011e8                EF_GetFontStartChar
 .text.EF_GetFontEndChar
                0x0000000008001200       0x18 Core/Src/GFX_EnhancedFonts.o
                0x0000000008001200                EF_GetFontEndChar
 .text.EF_GetFontSpaceWidth
                0x0000000008001218       0x18 Core/Src/GFX_EnhancedFonts.o
                0x0000000008001218                EF_GetFontSpaceWidth
 .text.EF_DecodePolish
                0x0000000008001230      0x1f8 Core/Src/GFX_EnhancedFonts.o
                0x0000000008001230                EF_DecodePolish
 .text.EF_PutChar
                0x0000000008001428      0x1a8 Core/Src/GFX_EnhancedFonts.o
                0x0000000008001428                EF_PutChar
 .text.EF_PutString
                0x00000000080015d0      0x102 Core/Src/GFX_EnhancedFonts.o
                0x00000000080015d0                EF_PutString
 *fill*         0x00000000080016d2        0x2 
 .text.MountSD  0x00000000080016d4      0x13c Core/Src/SD.o
                0x00000000080016d4                MountSD
 .text.ILI9341_Delay
                0x0000000008001810       0x16 Core/Src/TFT_ILI9341.o
 *fill*         0x0000000008001826        0x2 
 .text.ILI9341_SendToTFT
                0x0000000008001828       0x60 Core/Src/TFT_ILI9341.o
 .text.ILI9341_SendCommand
                0x0000000008001888       0x44 Core/Src/TFT_ILI9341.o
 .text.ILI9341_SendCommandAndData
                0x00000000080018cc       0x5c Core/Src/TFT_ILI9341.o
 .text.ILI9341_SetRotation
                0x0000000008001928       0x5c Core/Src/TFT_ILI9341.o
                0x0000000008001928                ILI9341_SetRotation
 .text.ILI9341_SetAddrWindow
                0x0000000008001984       0x9a Core/Src/TFT_ILI9341.o
                0x0000000008001984                ILI9341_SetAddrWindow
 .text.ILI9341_WritePixel
                0x0000000008001a1e       0x66 Core/Src/TFT_ILI9341.o
                0x0000000008001a1e                ILI9341_WritePixel
 .text.ILI9341_DrawImage
                0x0000000008001a84       0x54 Core/Src/TFT_ILI9341.o
                0x0000000008001a84                ILI9341_DrawImage
 .text.ILI9341_ClearDisplay
                0x0000000008001ad8       0xb8 Core/Src/TFT_ILI9341.o
                0x0000000008001ad8                ILI9341_ClearDisplay
 .text.ILI9341_Init
                0x0000000008001b90       0xa8 Core/Src/TFT_ILI9341.o
                0x0000000008001b90                ILI9341_Init
 .text.XPT2046_GetRawData
                0x0000000008001c38       0x48 Core/Src/XPT2064.o
                0x0000000008001c38                XPT2046_GetRawData
 .text.XPT2046_ReadRawData
                0x0000000008001c80       0x4c Core/Src/XPT2064.o
                0x0000000008001c80                XPT2046_ReadRawData
 .text.XPT2046_ReadTouchPoint
                0x0000000008001ccc      0x120 Core/Src/XPT2064.o
                0x0000000008001ccc                XPT2046_ReadTouchPoint
 .text.XPT2046_GetTouchPoint
                0x0000000008001dec       0x7c Core/Src/XPT2064.o
                0x0000000008001dec                XPT2046_GetTouchPoint
 .text.XPT2046_IsTouched
                0x0000000008001e68       0x24 Core/Src/XPT2064.o
                0x0000000008001e68                XPT2046_IsTouched
 .text.XPT2046_Task
                0x0000000008001e8c      0x18c Core/Src/XPT2064.o
                0x0000000008001e8c                XPT2046_Task
 .text.XPT2046_IRQ
                0x0000000008002018       0x18 Core/Src/XPT2064.o
                0x0000000008002018                XPT2046_IRQ
 .text.XPT2046_Init
                0x0000000008002030       0xa0 Core/Src/XPT2064.o
                0x0000000008002030                XPT2046_Init
 .text.MX_GPIO_Init
                0x00000000080020d0      0x14c Core/Src/gpio.o
                0x00000000080020d0                MX_GPIO_Init
 .text.strtoke  0x000000000800221c       0x64 Core/Src/gps_neo6.o
                0x000000000800221c                strtoke
 .text.NEO6_ReceiveUartChar
                0x0000000008002280       0xa4 Core/Src/gps_neo6.o
                0x0000000008002280                NEO6_ReceiveUartChar
 .text.NEO6_GetCharFromBuffer
                0x0000000008002324       0x52 Core/Src/gps_neo6.o
                0x0000000008002324                NEO6_GetCharFromBuffer
 .text.NEO6_GetLineFromBuffer
                0x0000000008002376       0x62 Core/Src/gps_neo6.o
                0x0000000008002376                NEO6_GetLineFromBuffer
 .text.NEO6_ParseGPRMC
                0x00000000080023d8      0x1b4 Core/Src/gps_neo6.o
                0x00000000080023d8                NEO6_ParseGPRMC
 .text.NEO6_ParseGPVTG
                0x000000000800258c       0x94 Core/Src/gps_neo6.o
                0x000000000800258c                NEO6_ParseGPVTG
 .text.NEO6_ParseGPGGA
                0x0000000008002620       0xbc Core/Src/gps_neo6.o
                0x0000000008002620                NEO6_ParseGPGGA
 .text.NEO6_ParseGPGSA
                0x00000000080026dc       0xd0 Core/Src/gps_neo6.o
                0x00000000080026dc                NEO6_ParseGPGSA
 .text.NEO6_ParseLine
                0x00000000080027ac       0x8c Core/Src/gps_neo6.o
                0x00000000080027ac                NEO6_ParseLine
 .text.NEO6_IsFix
                0x0000000008002838       0x1a Core/Src/gps_neo6.o
                0x0000000008002838                NEO6_IsFix
 .text.NEO6_Task
                0x0000000008002852       0x26 Core/Src/gps_neo6.o
                0x0000000008002852                NEO6_Task
 .text.NEO6_Init
                0x0000000008002878       0xf4 Core/Src/gps_neo6.o
                0x0000000008002878                NEO6_Init
 .text.FixIndicator
                0x000000000800296c       0x4c Core/Src/gui.o
                0x000000000800296c                FixIndicator
 .text.StartButton
                0x00000000080029b8       0x3c Core/Src/gui.o
                0x00000000080029b8                StartButton
 .text.StopButton
                0x00000000080029f4       0x50 Core/Src/gui.o
                0x00000000080029f4                StopButton
 .text.TimeReset
                0x0000000008002a44       0x88 Core/Src/gui.o
                0x0000000008002a44                TimeReset
 .text.TimeAndDate
                0x0000000008002acc       0xec Core/Src/gui.o
                0x0000000008002acc                TimeAndDate
 .text.StatsDisplay
                0x0000000008002bb8       0xfc Core/Src/gui.o
                0x0000000008002bb8                StatsDisplay
 .text.IsToggleButtonTouched
                0x0000000008002cb4       0x3c Core/Src/gui.o
                0x0000000008002cb4                IsToggleButtonTouched
 .text.FixCheck
                0x0000000008002cf0       0x40 Core/Src/gui.o
                0x0000000008002cf0                FixCheck
 .text.InitScreen
                0x0000000008002d30       0x58 Core/Src/gui.o
                0x0000000008002d30                InitScreen
 .text.DrawScreen
                0x0000000008002d88       0x48 Core/Src/gui.o
                0x0000000008002d88                DrawScreen
 .text.DrawToggle
                0x0000000008002dd0       0x44 Core/Src/gui.o
                0x0000000008002dd0                DrawToggle
 .text.Gps      0x0000000008002e14      0x3f4 Core/Src/gui.o
                0x0000000008002e14                Gps
 .text.Gui      0x0000000008003208       0x34 Core/Src/gui.o
                0x0000000008003208                Gui
 .text.main     0x000000000800323c       0x8c Core/Src/main.o
                0x000000000800323c                main
 .text.SystemClock_Config
                0x00000000080032c8      0x108 Core/Src/main.o
                0x00000000080032c8                SystemClock_Config
 .text.MX_NVIC_Init
                0x00000000080033d0       0x28 Core/Src/main.o
 .text.HAL_GPIO_EXTI_Callback
                0x00000000080033f8       0x1e Core/Src/main.o
                0x00000000080033f8                HAL_GPIO_EXTI_Callback
 *fill*         0x0000000008003416        0x2 
 .text.HAL_UART_RxCpltCallback
                0x0000000008003418       0x24 Core/Src/main.o
                0x0000000008003418                HAL_UART_RxCpltCallback
 .text.Error_Handler
                0x000000000800343c        0xe Core/Src/main.o
                0x000000000800343c                Error_Handler
 *fill*         0x000000000800344a        0x2 
 .text.MX_RTC_Init
                0x000000000800344c       0xb4 Core/Src/rtc.o
                0x000000000800344c                MX_RTC_Init
 .text.HAL_RTC_MspInit
                0x0000000008003500       0x2c Core/Src/rtc.o
                0x0000000008003500                HAL_RTC_MspInit
 .text.MX_SPI1_Init
                0x000000000800352c       0x6c Core/Src/spi.o
                0x000000000800352c                MX_SPI1_Init
 .text.MX_SPI2_Init
                0x0000000008003598       0x6c Core/Src/spi.o
                0x0000000008003598                MX_SPI2_Init
 .text.MX_SPI3_Init
                0x0000000008003604       0x6c Core/Src/spi.o
                0x0000000008003604                MX_SPI3_Init
 .text.HAL_SPI_MspInit
                0x0000000008003670      0x164 Core/Src/spi.o
                0x0000000008003670                HAL_SPI_MspInit
 .text.HAL_MspInit
                0x00000000080037d4       0x50 Core/Src/stm32f4xx_hal_msp.o
                0x00000000080037d4                HAL_MspInit
 .text.NMI_Handler
                0x0000000008003824        0xe Core/Src/stm32f4xx_it.o
                0x0000000008003824                NMI_Handler
 .text.HardFault_Handler
                0x0000000008003832        0x6 Core/Src/stm32f4xx_it.o
                0x0000000008003832                HardFault_Handler
 .text.MemManage_Handler
                0x0000000008003838        0x6 Core/Src/stm32f4xx_it.o
                0x0000000008003838                MemManage_Handler
 .text.BusFault_Handler
                0x000000000800383e        0x6 Core/Src/stm32f4xx_it.o
                0x000000000800383e                BusFault_Handler
 .text.UsageFault_Handler
                0x0000000008003844        0x6 Core/Src/stm32f4xx_it.o
                0x0000000008003844                UsageFault_Handler
 .text.SVC_Handler
                0x000000000800384a        0xe Core/Src/stm32f4xx_it.o
                0x000000000800384a                SVC_Handler
 .text.DebugMon_Handler
                0x0000000008003858        0xe Core/Src/stm32f4xx_it.o
                0x0000000008003858                DebugMon_Handler
 .text.PendSV_Handler
                0x0000000008003866        0xe Core/Src/stm32f4xx_it.o
                0x0000000008003866                PendSV_Handler
 .text.SysTick_Handler
                0x0000000008003874        0xc Core/Src/stm32f4xx_it.o
                0x0000000008003874                SysTick_Handler
 .text.EXTI9_5_IRQHandler
                0x0000000008003880       0x10 Core/Src/stm32f4xx_it.o
                0x0000000008003880                EXTI9_5_IRQHandler
 .text.USART1_IRQHandler
                0x0000000008003890       0x14 Core/Src/stm32f4xx_it.o
                0x0000000008003890                USART1_IRQHandler
 .text._getpid  0x00000000080038a4       0x10 Core/Src/syscalls.o
                0x00000000080038a4                _getpid
 .text._kill    0x00000000080038b4       0x20 Core/Src/syscalls.o
                0x00000000080038b4                _kill
 .text._exit    0x00000000080038d4       0x14 Core/Src/syscalls.o
                0x00000000080038d4                _exit
 .text._read    0x00000000080038e8       0x3a Core/Src/syscalls.o
                0x00000000080038e8                _read
 .text._write   0x0000000008003922       0x38 Core/Src/syscalls.o
                0x0000000008003922                _write
 .text._close   0x000000000800395a       0x18 Core/Src/syscalls.o
                0x000000000800395a                _close
 .text._fstat   0x0000000008003972       0x20 Core/Src/syscalls.o
                0x0000000008003972                _fstat
 .text._isatty  0x0000000008003992       0x16 Core/Src/syscalls.o
                0x0000000008003992                _isatty
 .text._lseek   0x00000000080039a8       0x1a Core/Src/syscalls.o
                0x00000000080039a8                _lseek
 *fill*         0x00000000080039c2        0x2 
 .text._sbrk    0x00000000080039c4       0x6c Core/Src/sysmem.o
                0x00000000080039c4                _sbrk
 .text.SystemInit
                0x0000000008003a30       0x2c Core/Src/system_stm32f4xx.o
                0x0000000008003a30                SystemInit
 .text.MX_USART1_UART_Init
                0x0000000008003a5c       0x54 Core/Src/usart.o
                0x0000000008003a5c                MX_USART1_UART_Init
 .text.MX_USART2_UART_Init
                0x0000000008003ab0       0x54 Core/Src/usart.o
                0x0000000008003ab0                MX_USART2_UART_Init
 .text.HAL_UART_MspInit
                0x0000000008003b04      0x108 Core/Src/usart.o
                0x0000000008003b04                HAL_UART_MspInit
 .text.Reset_Handler
                0x0000000008003c0c       0x50 Core/Startup/startup_stm32f411retx.o
                0x0000000008003c0c                Reset_Handler
 .text.Default_Handler
                0x0000000008003c5c        0x2 Core/Startup/startup_stm32f411retx.o
                0x0000000008003c5c                RTC_Alarm_IRQHandler
                0x0000000008003c5c                EXTI2_IRQHandler
                0x0000000008003c5c                SPI4_IRQHandler
                0x0000000008003c5c                TIM1_CC_IRQHandler
                0x0000000008003c5c                DMA2_Stream5_IRQHandler
                0x0000000008003c5c                DMA1_Stream5_IRQHandler
                0x0000000008003c5c                PVD_IRQHandler
                0x0000000008003c5c                SDIO_IRQHandler
                0x0000000008003c5c                TAMP_STAMP_IRQHandler
                0x0000000008003c5c                EXTI3_IRQHandler
                0x0000000008003c5c                TIM1_UP_TIM10_IRQHandler
                0x0000000008003c5c                I2C3_ER_IRQHandler
                0x0000000008003c5c                EXTI0_IRQHandler
                0x0000000008003c5c                I2C2_EV_IRQHandler
                0x0000000008003c5c                DMA1_Stream2_IRQHandler
                0x0000000008003c5c                FPU_IRQHandler
                0x0000000008003c5c                DMA2_Stream2_IRQHandler
                0x0000000008003c5c                SPI1_IRQHandler
                0x0000000008003c5c                TIM1_BRK_TIM9_IRQHandler
                0x0000000008003c5c                DMA2_Stream3_IRQHandler
                0x0000000008003c5c                USART6_IRQHandler
                0x0000000008003c5c                DMA2_Stream0_IRQHandler
                0x0000000008003c5c                TIM4_IRQHandler
                0x0000000008003c5c                I2C1_EV_IRQHandler
                0x0000000008003c5c                DMA1_Stream6_IRQHandler
                0x0000000008003c5c                DMA1_Stream1_IRQHandler
                0x0000000008003c5c                TIM3_IRQHandler
                0x0000000008003c5c                RCC_IRQHandler
                0x0000000008003c5c                Default_Handler
                0x0000000008003c5c                EXTI15_10_IRQHandler
                0x0000000008003c5c                ADC_IRQHandler
                0x0000000008003c5c                DMA1_Stream7_IRQHandler
                0x0000000008003c5c                SPI5_IRQHandler
                0x0000000008003c5c                TIM5_IRQHandler
                0x0000000008003c5c                DMA2_Stream7_IRQHandler
                0x0000000008003c5c                I2C3_EV_IRQHandler
                0x0000000008003c5c                RTC_WKUP_IRQHandler
                0x0000000008003c5c                SPI2_IRQHandler
                0x0000000008003c5c                DMA1_Stream0_IRQHandler
                0x0000000008003c5c                EXTI4_IRQHandler
                0x0000000008003c5c                WWDG_IRQHandler
                0x0000000008003c5c                TIM2_IRQHandler
                0x0000000008003c5c                OTG_FS_WKUP_IRQHandler
                0x0000000008003c5c                TIM1_TRG_COM_TIM11_IRQHandler
                0x0000000008003c5c                EXTI1_IRQHandler
                0x0000000008003c5c                USART2_IRQHandler
                0x0000000008003c5c                I2C2_ER_IRQHandler
                0x0000000008003c5c                DMA2_Stream1_IRQHandler
                0x0000000008003c5c                FLASH_IRQHandler
                0x0000000008003c5c                DMA2_Stream4_IRQHandler
                0x0000000008003c5c                OTG_FS_IRQHandler
                0x0000000008003c5c                SPI3_IRQHandler
                0x0000000008003c5c                DMA1_Stream4_IRQHandler
                0x0000000008003c5c                I2C1_ER_IRQHandler
                0x0000000008003c5c                DMA2_Stream6_IRQHandler
                0x0000000008003c5c                DMA1_Stream3_IRQHandler
 *fill*         0x0000000008003c5e        0x2 
 .text.HAL_Init
                0x0000000008003c60       0x44 Drivers/STM32F4xx_HAL_Driver/Src/stm32f4xx_hal.o
                0x0000000008003c60                HAL_Init
 .text.HAL_InitTick
                0x0000000008003ca4       0x60 Drivers/STM32F4xx_HAL_Driver/Src/stm32f4xx_hal.o
                0x0000000008003ca4                HAL_InitTick
 .text.HAL_IncTick
                0x0000000008003d04       0x28 Drivers/STM32F4xx_HAL_Driver/Src/stm32f4xx_hal.o
                0x0000000008003d04                HAL_IncTick
 .text.HAL_GetTick
                0x0000000008003d2c       0x18 Drivers/STM32F4xx_HAL_Driver/Src/stm32f4xx_hal.o
                0x0000000008003d2c                HAL_GetTick
 .text.HAL_Delay
                0x0000000008003d44       0x48 Drivers/STM32F4xx_HAL_Driver/Src/stm32f4xx_hal.o
                0x0000000008003d44                HAL_Delay
 .text.__NVIC_SetPriorityGrouping
                0x0000000008003d8c       0x48 Drivers/STM32F4xx_HAL_Driver/Src/stm32f4xx_hal_cortex.o
 .text.__NVIC_GetPriorityGrouping
                0x0000000008003dd4       0x1c Drivers/STM32F4xx_HAL_Driver/Src/stm32f4xx_hal_cortex.o
 .text.__NVIC_EnableIRQ
                0x0000000008003df0       0x3c Drivers/STM32F4xx_HAL_Driver/Src/stm32f4xx_hal_cortex.o
 .text.__NVIC_DisableIRQ
                0x0000000008003e2c       0x48 Drivers/STM32F4xx_HAL_Driver/Src/stm32f4xx_hal_cortex.o
 .text.__NVIC_GetPendingIRQ
                0x0000000008003e74       0x44 Drivers/STM32F4xx_HAL_Driver/Src/stm32f4xx_hal_cortex.o
 .text.__NVIC_ClearPendingIRQ
                0x0000000008003eb8       0x3c Drivers/STM32F4xx_HAL_Driver/Src/stm32f4xx_hal_cortex.o
 .text.__NVIC_SetPriority
                0x0000000008003ef4       0x54 Drivers/STM32F4xx_HAL_Driver/Src/stm32f4xx_hal_cortex.o
 .text.NVIC_EncodePriority
                0x0000000008003f48       0x66 Drivers/STM32F4xx_HAL_Driver/Src/stm32f4xx_hal_cortex.o
 *fill*         0x0000000008003fae        0x2 
 .text.SysTick_Config
                0x0000000008003fb0       0x44 Drivers/STM32F4xx_HAL_Driver/Src/stm32f4xx_hal_cortex.o
 .text.HAL_NVIC_SetPriorityGrouping
                0x0000000008003ff4       0x16 Drivers/STM32F4xx_HAL_Driver/Src/stm32f4xx_hal_cortex.o
                0x0000000008003ff4                HAL_NVIC_SetPriorityGrouping
 .text.HAL_NVIC_SetPriority
                0x000000000800400a       0x38 Drivers/STM32F4xx_HAL_Driver/Src/stm32f4xx_hal_cortex.o
                0x000000000800400a                HAL_NVIC_SetPriority
 .text.HAL_NVIC_EnableIRQ
                0x0000000008004042       0x1c Drivers/STM32F4xx_HAL_Driver/Src/stm32f4xx_hal_cortex.o
                0x0000000008004042                HAL_NVIC_EnableIRQ
 .text.HAL_NVIC_DisableIRQ
                0x000000000800405e       0x1c Drivers/STM32F4xx_HAL_Driver/Src/stm32f4xx_hal_cortex.o
                0x000000000800405e                HAL_NVIC_DisableIRQ
 .text.HAL_SYSTICK_Config
                0x000000000800407a       0x18 Drivers/STM32F4xx_HAL_Driver/Src/stm32f4xx_hal_cortex.o
                0x000000000800407a                HAL_SYSTICK_Config
 .text.HAL_NVIC_GetPendingIRQ
                0x0000000008004092       0x1e Drivers/STM32F4xx_HAL_Driver/Src/stm32f4xx_hal_cortex.o
                0x0000000008004092                HAL_NVIC_GetPendingIRQ
 .text.HAL_NVIC_ClearPendingIRQ
                0x00000000080040b0       0x1c Drivers/STM32F4xx_HAL_Driver/Src/stm32f4xx_hal_cortex.o
                0x00000000080040b0                HAL_NVIC_ClearPendingIRQ
 .text.HAL_DMA_Abort_IT
                0x00000000080040cc       0x44 Drivers/STM32F4xx_HAL_Driver/Src/stm32f4xx_hal_dma.o
                0x00000000080040cc                HAL_DMA_Abort_IT
 .text.HAL_GPIO_Init
                0x0000000008004110      0x308 Drivers/STM32F4xx_HAL_Driver/Src/stm32f4xx_hal_gpio.o
                0x0000000008004110                HAL_GPIO_Init
 .text.HAL_GPIO_ReadPin
                0x0000000008004418       0x30 Drivers/STM32F4xx_HAL_Driver/Src/stm32f4xx_hal_gpio.o
                0x0000000008004418                HAL_GPIO_ReadPin
 .text.HAL_GPIO_WritePin
                0x0000000008004448       0x32 Drivers/STM32F4xx_HAL_Driver/Src/stm32f4xx_hal_gpio.o
                0x0000000008004448                HAL_GPIO_WritePin
 *fill*         0x000000000800447a        0x2 
 .text.HAL_GPIO_EXTI_IRQHandler
                0x000000000800447c       0x30 Drivers/STM32F4xx_HAL_Driver/Src/stm32f4xx_hal_gpio.o
                0x000000000800447c                HAL_GPIO_EXTI_IRQHandler
 .text.HAL_RCC_OscConfig
                0x00000000080044ac      0x4e0 Drivers/STM32F4xx_HAL_Driver/Src/stm32f4xx_hal_rcc.o
                0x00000000080044ac                HAL_RCC_OscConfig
 .text.HAL_RCC_ClockConfig
                0x000000000800498c      0x1cc Drivers/STM32F4xx_HAL_Driver/Src/stm32f4xx_hal_rcc.o
                0x000000000800498c                HAL_RCC_ClockConfig
 .text.HAL_RCC_GetSysClockFreq
                0x0000000008004b58      0x1c4 Drivers/STM32F4xx_HAL_Driver/Src/stm32f4xx_hal_rcc.o
                0x0000000008004b58                HAL_RCC_GetSysClockFreq
 .text.HAL_RCC_GetHCLKFreq
                0x0000000008004d1c       0x18 Drivers/STM32F4xx_HAL_Driver/Src/stm32f4xx_hal_rcc.o
                0x0000000008004d1c                HAL_RCC_GetHCLKFreq
 .text.HAL_RCC_GetPCLK1Freq
                0x0000000008004d34       0x28 Drivers/STM32F4xx_HAL_Driver/Src/stm32f4xx_hal_rcc.o
                0x0000000008004d34                HAL_RCC_GetPCLK1Freq
 .text.HAL_RCC_GetPCLK2Freq
                0x0000000008004d5c       0x28 Drivers/STM32F4xx_HAL_Driver/Src/stm32f4xx_hal_rcc.o
                0x0000000008004d5c                HAL_RCC_GetPCLK2Freq
 .text.HAL_RCCEx_PeriphCLKConfig
                0x0000000008004d84      0x1e0 Drivers/STM32F4xx_HAL_Driver/Src/stm32f4xx_hal_rcc_ex.o
                0x0000000008004d84                HAL_RCCEx_PeriphCLKConfig
 .text.HAL_RTC_Init
                0x0000000008004f64      0x122 Drivers/STM32F4xx_HAL_Driver/Src/stm32f4xx_hal_rtc.o
                0x0000000008004f64                HAL_RTC_Init
 .text.HAL_RTC_SetTime
                0x0000000008005086      0x17a Drivers/STM32F4xx_HAL_Driver/Src/stm32f4xx_hal_rtc.o
                0x0000000008005086                HAL_RTC_SetTime
 .text.HAL_RTC_GetTime
                0x0000000008005200       0xbc Drivers/STM32F4xx_HAL_Driver/Src/stm32f4xx_hal_rtc.o
                0x0000000008005200                HAL_RTC_GetTime
 .text.HAL_RTC_SetDate
                0x00000000080052bc      0x14e Drivers/STM32F4xx_HAL_Driver/Src/stm32f4xx_hal_rtc.o
                0x00000000080052bc                HAL_RTC_SetDate
 .text.HAL_RTC_GetDate
                0x000000000800540a       0x9e Drivers/STM32F4xx_HAL_Driver/Src/stm32f4xx_hal_rtc.o
                0x000000000800540a                HAL_RTC_GetDate
 .text.HAL_RTC_WaitForSynchro
                0x00000000080054a8       0x50 Drivers/STM32F4xx_HAL_Driver/Src/stm32f4xx_hal_rtc.o
                0x00000000080054a8                HAL_RTC_WaitForSynchro
 .text.RTC_EnterInitMode
                0x00000000080054f8       0x58 Drivers/STM32F4xx_HAL_Driver/Src/stm32f4xx_hal_rtc.o
                0x00000000080054f8                RTC_EnterInitMode
 .text.RTC_ByteToBcd2
                0x0000000008005550       0x3c Drivers/STM32F4xx_HAL_Driver/Src/stm32f4xx_hal_rtc.o
                0x0000000008005550                RTC_ByteToBcd2
 .text.RTC_Bcd2ToByte
                0x000000000800558c       0x3c Drivers/STM32F4xx_HAL_Driver/Src/stm32f4xx_hal_rtc.o
                0x000000000800558c                RTC_Bcd2ToByte
 .text.HAL_SPI_Init
                0x00000000080055c8       0xc8 Drivers/STM32F4xx_HAL_Driver/Src/stm32f4xx_hal_spi.o
                0x00000000080055c8                HAL_SPI_Init
 .text.HAL_SPI_TransmitReceive
                0x0000000008005690      0x344 Drivers/STM32F4xx_HAL_Driver/Src/stm32f4xx_hal_spi.o
                0x0000000008005690                HAL_SPI_TransmitReceive
 .text.SPI_WaitFlagStateUntilTimeout
                0x00000000080059d4       0xd4 Drivers/STM32F4xx_HAL_Driver/Src/stm32f4xx_hal_spi.o
 .text.SPI_EndRxTxTransaction
                0x0000000008005aa8       0x84 Drivers/STM32F4xx_HAL_Driver/Src/stm32f4xx_hal_spi.o
 .text.HAL_UART_Init
                0x0000000008005b2c       0x9a Drivers/STM32F4xx_HAL_Driver/Src/stm32f4xx_hal_uart.o
                0x0000000008005b2c                HAL_UART_Init
 .text.HAL_UART_Transmit
                0x0000000008005bc6      0x132 Drivers/STM32F4xx_HAL_Driver/Src/stm32f4xx_hal_uart.o
                0x0000000008005bc6                HAL_UART_Transmit
 .text.HAL_UART_Receive_IT
                0x0000000008005cf8       0xaa Drivers/STM32F4xx_HAL_Driver/Src/stm32f4xx_hal_uart.o
                0x0000000008005cf8                HAL_UART_Receive_IT
 *fill*         0x0000000008005da2        0x2 
 .text.HAL_UART_IRQHandler
                0x0000000008005da4      0x200 Drivers/STM32F4xx_HAL_Driver/Src/stm32f4xx_hal_uart.o
                0x0000000008005da4                HAL_UART_IRQHandler
 .text.HAL_UART_TxCpltCallback
                0x0000000008005fa4       0x14 Drivers/STM32F4xx_HAL_Driver/Src/stm32f4xx_hal_uart.o
                0x0000000008005fa4                HAL_UART_TxCpltCallback
 .text.HAL_UART_ErrorCallback
                0x0000000008005fb8       0x14 Drivers/STM32F4xx_HAL_Driver/Src/stm32f4xx_hal_uart.o
                0x0000000008005fb8                HAL_UART_ErrorCallback
 .text.UART_WaitOnFlagUntilTimeout
                0x0000000008005fcc       0x94 Drivers/STM32F4xx_HAL_Driver/Src/stm32f4xx_hal_uart.o
 .text.UART_EndRxTransfer
                0x0000000008006060       0x3c Drivers/STM32F4xx_HAL_Driver/Src/stm32f4xx_hal_uart.o
 .text.UART_DMAAbortOnError
                0x000000000800609c       0x28 Drivers/STM32F4xx_HAL_Driver/Src/stm32f4xx_hal_uart.o
 .text.UART_Transmit_IT
                0x00000000080060c4       0xac Drivers/STM32F4xx_HAL_Driver/Src/stm32f4xx_hal_uart.o
 .text.UART_EndTransmit_IT
                0x0000000008006170       0x30 Drivers/STM32F4xx_HAL_Driver/Src/stm32f4xx_hal_uart.o
 .text.UART_Receive_IT
                0x00000000080061a0      0x102 Drivers/STM32F4xx_HAL_Driver/Src/stm32f4xx_hal_uart.o
 *fill*         0x00000000080062a2        0x2 
 .text.UART_SetConfig
                0x00000000080062a4      0x738 Drivers/STM32F4xx_HAL_Driver/Src/stm32f4xx_hal_uart.o
 .text.MX_FATFS_Init
                0x00000000080069dc       0x24 FATFS/App/fatfs.o
                0x00000000080069dc                MX_FATFS_Init
 .text.get_fattime
                0x0000000008006a00       0x10 FATFS/App/fatfs.o
                0x0000000008006a00                get_fattime
 .text.USER_initialize
                0x0000000008006a10       0x1c FATFS/Target/user_diskio.o
                0x0000000008006a10                USER_initialize
 .text.USER_status
                0x0000000008006a2c       0x1c FATFS/Target/user_diskio.o
                0x0000000008006a2c                USER_status
 .text.USER_read
                0x0000000008006a48       0x26 FATFS/Target/user_diskio.o
                0x0000000008006a48                USER_read
 .text.USER_write
                0x0000000008006a6e       0x26 FATFS/Target/user_diskio.o
                0x0000000008006a6e                USER_write
 .text.USER_ioctl
                0x0000000008006a94       0x26 FATFS/Target/user_diskio.o
                0x0000000008006a94                USER_ioctl
 *fill*         0x0000000008006aba        0x2 
 .text.SPI_Timer_On
                0x0000000008006abc       0x28 FATFS/Target/user_diskio_spi.o
                0x0000000008006abc                SPI_Timer_On
 .text.SPI_Timer_Status
                0x0000000008006ae4       0x2c FATFS/Target/user_diskio_spi.o
                0x0000000008006ae4                SPI_Timer_Status
 .text.xchg_spi
                0x0000000008006b10       0x2c FATFS/Target/user_diskio_spi.o
 .text.rcvr_spi_multi
                0x0000000008006b3c       0x38 FATFS/Target/user_diskio_spi.o
 .text.xmit_spi_multi
                0x0000000008006b74       0x36 FATFS/Target/user_diskio_spi.o
 .text.wait_ready
                0x0000000008006baa       0x46 FATFS/Target/user_diskio_spi.o
 .text.despiselect
                0x0000000008006bf0       0x1c FATFS/Target/user_diskio_spi.o
 .text.spiselect
                0x0000000008006c0c       0x34 FATFS/Target/user_diskio_spi.o
 .text.rcvr_datablock
                0x0000000008006c40       0x52 FATFS/Target/user_diskio_spi.o
 .text.xmit_datablock
                0x0000000008006c92       0x64 FATFS/Target/user_diskio_spi.o
 .text.send_cmd
                0x0000000008006cf6       0xde FATFS/Target/user_diskio_spi.o
 .text.USER_SPI_initialize
                0x0000000008006dd4      0x1d0 FATFS/Target/user_diskio_spi.o
                0x0000000008006dd4                USER_SPI_initialize
 .text.USER_SPI_status
                0x0000000008006fa4       0x2c FATFS/Target/user_diskio_spi.o
                0x0000000008006fa4                USER_SPI_status
 .text.USER_SPI_read
                0x0000000008006fd0       0xcc FATFS/Target/user_diskio_spi.o
                0x0000000008006fd0                USER_SPI_read
 .text.USER_SPI_write
                0x000000000800709c       0xf8 FATFS/Target/user_diskio_spi.o
                0x000000000800709c                USER_SPI_write
 .text.USER_SPI_ioctl
                0x0000000008007194      0x2e0 FATFS/Target/user_diskio_spi.o
                0x0000000008007194                USER_SPI_ioctl
 .text.disk_status
                0x0000000008007474       0x34 Middlewares/Third_Party/FatFs/src/diskio.o
                0x0000000008007474                disk_status
 .text.disk_initialize
                0x00000000080074a8       0x4c Middlewares/Third_Party/FatFs/src/diskio.o
                0x00000000080074a8                disk_initialize
 .text.disk_read
                0x00000000080074f4       0x40 Middlewares/Third_Party/FatFs/src/diskio.o
                0x00000000080074f4                disk_read
 .text.disk_write
                0x0000000008007534       0x40 Middlewares/Third_Party/FatFs/src/diskio.o
                0x0000000008007534                disk_write
 .text.disk_ioctl
                0x0000000008007574       0x3c Middlewares/Third_Party/FatFs/src/diskio.o
                0x0000000008007574                disk_ioctl
 .text.ld_word  0x00000000080075b0       0x30 Middlewares/Third_Party/FatFs/src/ff.o
 .text.ld_dword
                0x00000000080075e0       0x46 Middlewares/Third_Party/FatFs/src/ff.o
 .text.st_word  0x0000000008007626       0x36 Middlewares/Third_Party/FatFs/src/ff.o
 .text.st_dword
                0x000000000800765c       0x58 Middlewares/Third_Party/FatFs/src/ff.o
 .text.mem_cpy  0x00000000080076b4       0x42 Middlewares/Third_Party/FatFs/src/ff.o
 .text.mem_set  0x00000000080076f6       0x36 Middlewares/Third_Party/FatFs/src/ff.o
 .text.mem_cmp  0x000000000800772c       0x4e Middlewares/Third_Party/FatFs/src/ff.o
 .text.chk_chr  0x000000000800777a       0x36 Middlewares/Third_Party/FatFs/src/ff.o
 .text.chk_lock
                0x00000000080077b0       0xb8 Middlewares/Third_Party/FatFs/src/ff.o
 .text.enq_lock
                0x0000000008007868       0x44 Middlewares/Third_Party/FatFs/src/ff.o
 .text.inc_lock
                0x00000000080078ac      0x11c Middlewares/Third_Party/FatFs/src/ff.o
 .text.dec_lock
                0x00000000080079c8       0x78 Middlewares/Third_Party/FatFs/src/ff.o
 .text.clear_lock
                0x0000000008007a40       0x48 Middlewares/Third_Party/FatFs/src/ff.o
 .text.sync_window
                0x0000000008007a88       0x88 Middlewares/Third_Party/FatFs/src/ff.o
 .text.move_window
                0x0000000008007b10       0x5a Middlewares/Third_Party/FatFs/src/ff.o
 *fill*         0x0000000008007b6a        0x2 
 .text.sync_fs  0x0000000008007b6c       0xdc Middlewares/Third_Party/FatFs/src/ff.o
 .text.clust2sect
                0x0000000008007c48       0x3e Middlewares/Third_Party/FatFs/src/ff.o
 .text.get_fat  0x0000000008007c86      0x150 Middlewares/Third_Party/FatFs/src/ff.o
 .text.put_fat  0x0000000008007dd6      0x1d8 Middlewares/Third_Party/FatFs/src/ff.o
 .text.remove_chain
                0x0000000008007fae       0xca Middlewares/Third_Party/FatFs/src/ff.o
 .text.create_chain
                0x0000000008008078      0x130 Middlewares/Third_Party/FatFs/src/ff.o
 .text.clmt_clust
                0x00000000080081a8       0x68 Middlewares/Third_Party/FatFs/src/ff.o
 .text.dir_sdi  0x0000000008008210       0xf6 Middlewares/Third_Party/FatFs/src/ff.o
 .text.dir_next
                0x0000000008008306      0x18a Middlewares/Third_Party/FatFs/src/ff.o
 .text.dir_alloc
                0x0000000008008490       0x8e Middlewares/Third_Party/FatFs/src/ff.o
 .text.ld_clust
                0x000000000800851e       0x3e Middlewares/Third_Party/FatFs/src/ff.o
 .text.st_clust
                0x000000000800855c       0x40 Middlewares/Third_Party/FatFs/src/ff.o
 .text.dir_find
                0x000000000800859c       0xaa Middlewares/Third_Party/FatFs/src/ff.o
 .text.dir_register
                0x0000000008008646       0x64 Middlewares/Third_Party/FatFs/src/ff.o
 *fill*         0x00000000080086aa        0x2 
 .text.create_name
                0x00000000080086ac      0x128 Middlewares/Third_Party/FatFs/src/ff.o
 .text.follow_path
                0x00000000080087d4       0xe2 Middlewares/Third_Party/FatFs/src/ff.o
 .text.get_ldnumber
                0x00000000080088b6       0x88 Middlewares/Third_Party/FatFs/src/ff.o
 *fill*         0x000000000800893e        0x2 
 .text.check_fs
                0x0000000008008940       0xac Middlewares/Third_Party/FatFs/src/ff.o
 .text.find_volume
                0x00000000080089ec      0x498 Middlewares/Third_Party/FatFs/src/ff.o
 .text.validate
                0x0000000008008e84       0x6a Middlewares/Third_Party/FatFs/src/ff.o
 *fill*         0x0000000008008eee        0x2 
 .text.f_mount  0x0000000008008ef0       0x8c Middlewares/Third_Party/FatFs/src/ff.o
                0x0000000008008ef0                f_mount
 .text.f_open   0x0000000008008f7c      0x37c Middlewares/Third_Party/FatFs/src/ff.o
                0x0000000008008f7c                f_open
 .text.f_write  0x00000000080092f8      0x2ea Middlewares/Third_Party/FatFs/src/ff.o
                0x00000000080092f8                f_write
 .text.f_sync   0x00000000080095e2       0xfc Middlewares/Third_Party/FatFs/src/ff.o
                0x00000000080095e2                f_sync
 .text.f_close  0x00000000080096de       0x54 Middlewares/Third_Party/FatFs/src/ff.o
                0x00000000080096de                f_close
 .text.putc_bfd
                0x0000000008009732       0x7a Middlewares/Third_Party/FatFs/src/ff.o
 .text.putc_flush
                0x00000000080097ac       0x4a Middlewares/Third_Party/FatFs/src/ff.o
 .text.putc_init
                0x00000000080097f6       0x2a Middlewares/Third_Party/FatFs/src/ff.o
 .text.f_printf
                0x0000000008009820      0x440 Middlewares/Third_Party/FatFs/src/ff.o
                0x0000000008009820                f_printf
 .text.FATFS_LinkDriverEx
                0x0000000008009c60       0x98 Middlewares/Third_Party/FatFs/src/ff_gen_drv.o
                0x0000000008009c60                FATFS_LinkDriverEx
 .text.FATFS_LinkDriver
                0x0000000008009cf8       0x1e Middlewares/Third_Party/FatFs/src/ff_gen_drv.o
                0x0000000008009cf8                FATFS_LinkDriver
 .text.atof     0x0000000008009d16        0x6 d:/st/stm32cubeide_1.6.0/stm32cubeide/plugins/com.st.stm32cube.ide.mcu.externaltools.gnu-tools-for-stm32.9-2020-q2-update.win32_1.5.0.202011040924/tools/bin/../lib/gcc/arm-none-eabi/9.3.1/../../../../arm-none-eabi/lib/thumb/v7e-m+fp/hard\libc_nano.a(lib_a-atof.o)
                0x0000000008009d16                atof
 .text.atoi     0x0000000008009d1c        0x8 d:/st/stm32cubeide_1.6.0/stm32cubeide/plugins/com.st.stm32cube.ide.mcu.externaltools.gnu-tools-for-stm32.9-2020-q2-update.win32_1.5.0.202011040924/tools/bin/../lib/gcc/arm-none-eabi/9.3.1/../../../../arm-none-eabi/lib/thumb/v7e-m+fp/hard\libc_nano.a(lib_a-atoi.o)
                0x0000000008009d1c                atoi
 .text.__errno  0x0000000008009d24        0xc d:/st/stm32cubeide_1.6.0/stm32cubeide/plugins/com.st.stm32cube.ide.mcu.externaltools.gnu-tools-for-stm32.9-2020-q2-update.win32_1.5.0.202011040924/tools/bin/../lib/gcc/arm-none-eabi/9.3.1/../../../../arm-none-eabi/lib/thumb/v7e-m+fp/hard\libc_nano.a(lib_a-errno.o)
                0x0000000008009d24                __errno
 .text.__libc_init_array
                0x0000000008009d30       0x48 d:/st/stm32cubeide_1.6.0/stm32cubeide/plugins/com.st.stm32cube.ide.mcu.externaltools.gnu-tools-for-stm32.9-2020-q2-update.win32_1.5.0.202011040924/tools/bin/../lib/gcc/arm-none-eabi/9.3.1/../../../../arm-none-eabi/lib/thumb/v7e-m+fp/hard\libc_nano.a(lib_a-init.o)
                0x0000000008009d30                __libc_init_array
 .text.memset   0x0000000008009d78       0x10 d:/st/stm32cubeide_1.6.0/stm32cubeide/plugins/com.st.stm32cube.ide.mcu.externaltools.gnu-tools-for-stm32.9-2020-q2-update.win32_1.5.0.202011040924/tools/bin/../lib/gcc/arm-none-eabi/9.3.1/../../../../arm-none-eabi/lib/thumb/v7e-m+fp/hard\libc_nano.a(lib_a-memset.o)
                0x0000000008009d78                memset
 .text.__cvt    0x0000000008009d88       0xc4 d:/st/stm32cubeide_1.6.0/stm32cubeide/plugins/com.st.stm32cube.ide.mcu.externaltools.gnu-tools-for-stm32.9-2020-q2-update.win32_1.5.0.202011040924/tools/bin/../lib/gcc/arm-none-eabi/9.3.1/../../../../arm-none-eabi/lib/thumb/v7e-m+fp/hard\libc_nano.a(lib_a-nano-vfprintf_float.o)
                0x0000000008009d88                __cvt
 .text.__exponent
                0x0000000008009e4c       0x7c d:/st/stm32cubeide_1.6.0/stm32cubeide/plugins/com.st.stm32cube.ide.mcu.externaltools.gnu-tools-for-stm32.9-2020-q2-update.win32_1.5.0.202011040924/tools/bin/../lib/gcc/arm-none-eabi/9.3.1/../../../../arm-none-eabi/lib/thumb/v7e-m+fp/hard\libc_nano.a(lib_a-nano-vfprintf_float.o)
                0x0000000008009e4c                __exponent
 .text._printf_float
                0x0000000008009ec8      0x46c d:/st/stm32cubeide_1.6.0/stm32cubeide/plugins/com.st.stm32cube.ide.mcu.externaltools.gnu-tools-for-stm32.9-2020-q2-update.win32_1.5.0.202011040924/tools/bin/../lib/gcc/arm-none-eabi/9.3.1/../../../../arm-none-eabi/lib/thumb/v7e-m+fp/hard\libc_nano.a(lib_a-nano-vfprintf_float.o)
                0x0000000008009ec8                _printf_float
 .text._printf_common
                0x000000000800a334       0xda d:/st/stm32cubeide_1.6.0/stm32cubeide/plugins/com.st.stm32cube.ide.mcu.externaltools.gnu-tools-for-stm32.9-2020-q2-update.win32_1.5.0.202011040924/tools/bin/../lib/gcc/arm-none-eabi/9.3.1/../../../../arm-none-eabi/lib/thumb/v7e-m+fp/hard\libc_nano.a(lib_a-nano-vfprintf_i.o)
                0x000000000800a334                _printf_common
 *fill*         0x000000000800a40e        0x2 
 .text._printf_i
                0x000000000800a410      0x24c d:/st/stm32cubeide_1.6.0/stm32cubeide/plugins/com.st.stm32cube.ide.mcu.externaltools.gnu-tools-for-stm32.9-2020-q2-update.win32_1.5.0.202011040924/tools/bin/../lib/gcc/arm-none-eabi/9.3.1/../../../../arm-none-eabi/lib/thumb/v7e-m+fp/hard\libc_nano.a(lib_a-nano-vfprintf_i.o)
                0x000000000800a410                _printf_i
 .text.sprintf  0x000000000800a65c       0x40 d:/st/stm32cubeide_1.6.0/stm32cubeide/plugins/com.st.stm32cube.ide.mcu.externaltools.gnu-tools-for-stm32.9-2020-q2-update.win32_1.5.0.202011040924/tools/bin/../lib/gcc/arm-none-eabi/9.3.1/../../../../arm-none-eabi/lib/thumb/v7e-m+fp/hard\libc_nano.a(lib_a-sprintf.o)
                0x000000000800a65c                siprintf
                0x000000000800a65c                sprintf
 .text.strpbrk  0x000000000800a69c       0x34 d:/st/stm32cubeide_1.6.0/stm32cubeide/plugins/com.st.stm32cube.ide.mcu.externaltools.gnu-tools-for-stm32.9-2020-q2-update.win32_1.5.0.202011040924/tools/bin/../lib/gcc/arm-none-eabi/9.3.1/../../../../arm-none-eabi/lib/thumb/v7e-m+fp/hard\libc_nano.a(lib_a-strpbrk.o)
                0x000000000800a69c                strpbrk
 .text.sulp     0x000000000800a6d0       0x38 d:/st/stm32cubeide_1.6.0/stm32cubeide/plugins/com.st.stm32cube.ide.mcu.externaltools.gnu-tools-for-stm32.9-2020-q2-update.win32_1.5.0.202011040924/tools/bin/../lib/gcc/arm-none-eabi/9.3.1/../../../../arm-none-eabi/lib/thumb/v7e-m+fp/hard\libc_nano.a(lib_a-strtod.o)
 .text._strtod_l
                0x000000000800a708      0xc14 d:/st/stm32cubeide_1.6.0/stm32cubeide/plugins/com.st.stm32cube.ide.mcu.externaltools.gnu-tools-for-stm32.9-2020-q2-update.win32_1.5.0.202011040924/tools/bin/../lib/gcc/arm-none-eabi/9.3.1/../../../../arm-none-eabi/lib/thumb/v7e-m+fp/hard\libc_nano.a(lib_a-strtod.o)
                0x000000000800a708                _strtod_l
 .text.strtod   0x000000000800b31c       0x18 d:/st/stm32cubeide_1.6.0/stm32cubeide/plugins/com.st.stm32cube.ide.mcu.externaltools.gnu-tools-for-stm32.9-2020-q2-update.win32_1.5.0.202011040924/tools/bin/../lib/gcc/arm-none-eabi/9.3.1/../../../../arm-none-eabi/lib/thumb/v7e-m+fp/hard\libc_nano.a(lib_a-strtod.o)
                0x000000000800b31c                strtod
 .text._strtol_l.isra.0
                0x000000000800b334      0x108 d:/st/stm32cubeide_1.6.0/stm32cubeide/plugins/com.st.stm32cube.ide.mcu.externaltools.gnu-tools-for-stm32.9-2020-q2-update.win32_1.5.0.202011040924/tools/bin/../lib/gcc/arm-none-eabi/9.3.1/../../../../arm-none-eabi/lib/thumb/v7e-m+fp/hard\libc_nano.a(lib_a-strtol.o)
 .text.strtol   0x000000000800b43c       0x14 d:/st/stm32cubeide_1.6.0/stm32cubeide/plugins/com.st.stm32cube.ide.mcu.externaltools.gnu-tools-for-stm32.9-2020-q2-update.win32_1.5.0.202011040924/tools/bin/../lib/gcc/arm-none-eabi/9.3.1/../../../../arm-none-eabi/lib/thumb/v7e-m+fp/hard\libc_nano.a(lib_a-strtol.o)
                0x000000000800b43c                strtol
 .text.quorem   0x000000000800b450      0x116 d:/st/stm32cubeide_1.6.0/stm32cubeide/plugins/com.st.stm32cube.ide.mcu.externaltools.gnu-tools-for-stm32.9-2020-q2-update.win32_1.5.0.202011040924/tools/bin/../lib/gcc/arm-none-eabi/9.3.1/../../../../arm-none-eabi/lib/thumb/v7e-m+fp/hard\libc_nano.a(lib_a-dtoa.o)
 *fill*         0x000000000800b566        0x2 
 .text._dtoa_r  0x000000000800b568      0xbd8 d:/st/stm32cubeide_1.6.0/stm32cubeide/plugins/com.st.stm32cube.ide.mcu.externaltools.gnu-tools-for-stm32.9-2020-q2-update.win32_1.5.0.202011040924/tools/bin/../lib/gcc/arm-none-eabi/9.3.1/../../../../arm-none-eabi/lib/thumb/v7e-m+fp/hard\libc_nano.a(lib_a-dtoa.o)
                0x000000000800b568                _dtoa_r
 .text.rshift   0x000000000800c140       0xa4 d:/st/stm32cubeide_1.6.0/stm32cubeide/plugins/com.st.stm32cube.ide.mcu.externaltools.gnu-tools-for-stm32.9-2020-q2-update.win32_1.5.0.202011040924/tools/bin/../lib/gcc/arm-none-eabi/9.3.1/../../../../arm-none-eabi/lib/thumb/v7e-m+fp/hard\libc_nano.a(lib_a-gdtoa-gethex.o)
 .text.__hexdig_fun
                0x000000000800c1e4       0x2a d:/st/stm32cubeide_1.6.0/stm32cubeide/plugins/com.st.stm32cube.ide.mcu.externaltools.gnu-tools-for-stm32.9-2020-q2-update.win32_1.5.0.202011040924/tools/bin/../lib/gcc/arm-none-eabi/9.3.1/../../../../arm-none-eabi/lib/thumb/v7e-m+fp/hard\libc_nano.a(lib_a-gdtoa-gethex.o)
                0x000000000800c1e4                __hexdig_fun
 *fill*         0x000000000800c20e        0x2 
 .text.__gethex
                0x000000000800c210      0x48c d:/st/stm32cubeide_1.6.0/stm32cubeide/plugins/com.st.stm32cube.ide.mcu.externaltools.gnu-tools-for-stm32.9-2020-q2-update.win32_1.5.0.202011040924/tools/bin/../lib/gcc/arm-none-eabi/9.3.1/../../../../arm-none-eabi/lib/thumb/v7e-m+fp/hard\libc_nano.a(lib_a-gdtoa-gethex.o)
                0x000000000800c210                __gethex
 .text.L_shift  0x000000000800c69c       0x24 d:/st/stm32cubeide_1.6.0/stm32cubeide/plugins/com.st.stm32cube.ide.mcu.externaltools.gnu-tools-for-stm32.9-2020-q2-update.win32_1.5.0.202011040924/tools/bin/../lib/gcc/arm-none-eabi/9.3.1/../../../../arm-none-eabi/lib/thumb/v7e-m+fp/hard\libc_nano.a(lib_a-gdtoa-hexnan.o)
 .text.__match  0x000000000800c6c0       0x28 d:/st/stm32cubeide_1.6.0/stm32cubeide/plugins/com.st.stm32cube.ide.mcu.externaltools.gnu-tools-for-stm32.9-2020-q2-update.win32_1.5.0.202011040924/tools/bin/../lib/gcc/arm-none-eabi/9.3.1/../../../../arm-none-eabi/lib/thumb/v7e-m+fp/hard\libc_nano.a(lib_a-gdtoa-hexnan.o)
                0x000000000800c6c0                __match
 .text.__hexnan
                0x000000000800c6e8      0x138 d:/st/stm32cubeide_1.6.0/stm32cubeide/plugins/com.st.stm32cube.ide.mcu.externaltools.gnu-tools-for-stm32.9-2020-q2-update.win32_1.5.0.202011040924/tools/bin/../lib/gcc/arm-none-eabi/9.3.1/../../../../arm-none-eabi/lib/thumb/v7e-m+fp/hard\libc_nano.a(lib_a-gdtoa-hexnan.o)
                0x000000000800c6e8                __hexnan
 .text._localeconv_r
                0x000000000800c820        0x8 d:/st/stm32cubeide_1.6.0/stm32cubeide/plugins/com.st.stm32cube.ide.mcu.externaltools.gnu-tools-for-stm32.9-2020-q2-update.win32_1.5.0.202011040924/tools/bin/../lib/gcc/arm-none-eabi/9.3.1/../../../../arm-none-eabi/lib/thumb/v7e-m+fp/hard\libc_nano.a(lib_a-localeconv.o)
                0x000000000800c820                _localeconv_r
 .text.malloc   0x000000000800c828       0x10 d:/st/stm32cubeide_1.6.0/stm32cubeide/plugins/com.st.stm32cube.ide.mcu.externaltools.gnu-tools-for-stm32.9-2020-q2-update.win32_1.5.0.202011040924/tools/bin/../lib/gcc/arm-none-eabi/9.3.1/../../../../arm-none-eabi/lib/thumb/v7e-m+fp/hard\libc_nano.a(lib_a-malloc.o)
                0x000000000800c828                malloc
 .text.__ascii_mbtowc
                0x000000000800c838       0x24 d:/st/stm32cubeide_1.6.0/stm32cubeide/plugins/com.st.stm32cube.ide.mcu.externaltools.gnu-tools-for-stm32.9-2020-q2-update.win32_1.5.0.202011040924/tools/bin/../lib/gcc/arm-none-eabi/9.3.1/../../../../arm-none-eabi/lib/thumb/v7e-m+fp/hard\libc_nano.a(lib_a-mbtowc_r.o)
                0x000000000800c838                __ascii_mbtowc
 .text.memcpy   0x000000000800c85c       0x1c d:/st/stm32cubeide_1.6.0/stm32cubeide/plugins/com.st.stm32cube.ide.mcu.externaltools.gnu-tools-for-stm32.9-2020-q2-update.win32_1.5.0.202011040924/tools/bin/../lib/gcc/arm-none-eabi/9.3.1/../../../../arm-none-eabi/lib/thumb/v7e-m+fp/hard\libc_nano.a(lib_a-memcpy-stub.o)
                0x000000000800c85c                memcpy
 .text._Balloc  0x000000000800c878       0x80 d:/st/stm32cubeide_1.6.0/stm32cubeide/plugins/com.st.stm32cube.ide.mcu.externaltools.gnu-tools-for-stm32.9-2020-q2-update.win32_1.5.0.202011040924/tools/bin/../lib/gcc/arm-none-eabi/9.3.1/../../../../arm-none-eabi/lib/thumb/v7e-m+fp/hard\libc_nano.a(lib_a-mprec.o)
                0x000000000800c878                _Balloc
 .text._Bfree   0x000000000800c8f8       0x44 d:/st/stm32cubeide_1.6.0/stm32cubeide/plugins/com.st.stm32cube.ide.mcu.externaltools.gnu-tools-for-stm32.9-2020-q2-update.win32_1.5.0.202011040924/tools/bin/../lib/gcc/arm-none-eabi/9.3.1/../../../../arm-none-eabi/lib/thumb/v7e-m+fp/hard\libc_nano.a(lib_a-mprec.o)
                0x000000000800c8f8                _Bfree
 .text.__multadd
                0x000000000800c93c       0x94 d:/st/stm32cubeide_1.6.0/stm32cubeide/plugins/com.st.stm32cube.ide.mcu.externaltools.gnu-tools-for-stm32.9-2020-q2-update.win32_1.5.0.202011040924/tools/bin/../lib/gcc/arm-none-eabi/9.3.1/../../../../arm-none-eabi/lib/thumb/v7e-m+fp/hard\libc_nano.a(lib_a-mprec.o)
                0x000000000800c93c                __multadd
 .text.__s2b    0x000000000800c9d0       0x94 d:/st/stm32cubeide_1.6.0/stm32cubeide/plugins/com.st.stm32cube.ide.mcu.externaltools.gnu-tools-for-stm32.9-2020-q2-update.win32_1.5.0.202011040924/tools/bin/../lib/gcc/arm-none-eabi/9.3.1/../../../../arm-none-eabi/lib/thumb/v7e-m+fp/hard\libc_nano.a(lib_a-mprec.o)
                0x000000000800c9d0                __s2b
 .text.__hi0bits
                0x000000000800ca64       0x40 d:/st/stm32cubeide_1.6.0/stm32cubeide/plugins/com.st.stm32cube.ide.mcu.externaltools.gnu-tools-for-stm32.9-2020-q2-update.win32_1.5.0.202011040924/tools/bin/../lib/gcc/arm-none-eabi/9.3.1/../../../../arm-none-eabi/lib/thumb/v7e-m+fp/hard\libc_nano.a(lib_a-mprec.o)
                0x000000000800ca64                __hi0bits
 .text.__lo0bits
                0x000000000800caa4       0x60 d:/st/stm32cubeide_1.6.0/stm32cubeide/plugins/com.st.stm32cube.ide.mcu.externaltools.gnu-tools-for-stm32.9-2020-q2-update.win32_1.5.0.202011040924/tools/bin/../lib/gcc/arm-none-eabi/9.3.1/../../../../arm-none-eabi/lib/thumb/v7e-m+fp/hard\libc_nano.a(lib_a-mprec.o)
                0x000000000800caa4                __lo0bits
 .text.__i2b    0x000000000800cb04       0x2c d:/st/stm32cubeide_1.6.0/stm32cubeide/plugins/com.st.stm32cube.ide.mcu.externaltools.gnu-tools-for-stm32.9-2020-q2-update.win32_1.5.0.202011040924/tools/bin/../lib/gcc/arm-none-eabi/9.3.1/../../../../arm-none-eabi/lib/thumb/v7e-m+fp/hard\libc_nano.a(lib_a-mprec.o)
                0x000000000800cb04                __i2b
 .text.__multiply
                0x000000000800cb30      0x14c d:/st/stm32cubeide_1.6.0/stm32cubeide/plugins/com.st.stm32cube.ide.mcu.externaltools.gnu-tools-for-stm32.9-2020-q2-update.win32_1.5.0.202011040924/tools/bin/../lib/gcc/arm-none-eabi/9.3.1/../../../../arm-none-eabi/lib/thumb/v7e-m+fp/hard\libc_nano.a(lib_a-mprec.o)
                0x000000000800cb30                __multiply
 .text.__pow5mult
                0x000000000800cc7c       0xb4 d:/st/stm32cubeide_1.6.0/stm32cubeide/plugins/com.st.stm32cube.ide.mcu.externaltools.gnu-tools-for-stm32.9-2020-q2-update.win32_1.5.0.202011040924/tools/bin/../lib/gcc/arm-none-eabi/9.3.1/../../../../arm-none-eabi/lib/thumb/v7e-m+fp/hard\libc_nano.a(lib_a-mprec.o)
                0x000000000800cc7c                __pow5mult
 .text.__lshift
                0x000000000800cd30       0xd8 d:/st/stm32cubeide_1.6.0/stm32cubeide/plugins/com.st.stm32cube.ide.mcu.externaltools.gnu-tools-for-stm32.9-2020-q2-update.win32_1.5.0.202011040924/tools/bin/../lib/gcc/arm-none-eabi/9.3.1/../../../../arm-none-eabi/lib/thumb/v7e-m+fp/hard\libc_nano.a(lib_a-mprec.o)
                0x000000000800cd30                __lshift
 .text.__mcmp   0x000000000800ce08       0x38 d:/st/stm32cubeide_1.6.0/stm32cubeide/plugins/com.st.stm32cube.ide.mcu.externaltools.gnu-tools-for-stm32.9-2020-q2-update.win32_1.5.0.202011040924/tools/bin/../lib/gcc/arm-none-eabi/9.3.1/../../../../arm-none-eabi/lib/thumb/v7e-m+fp/hard\libc_nano.a(lib_a-mprec.o)
                0x000000000800ce08                __mcmp
 .text.__mdiff  0x000000000800ce40      0x110 d:/st/stm32cubeide_1.6.0/stm32cubeide/plugins/com.st.stm32cube.ide.mcu.externaltools.gnu-tools-for-stm32.9-2020-q2-update.win32_1.5.0.202011040924/tools/bin/../lib/gcc/arm-none-eabi/9.3.1/../../../../arm-none-eabi/lib/thumb/v7e-m+fp/hard\libc_nano.a(lib_a-mprec.o)
                0x000000000800ce40                __mdiff
 .text.__ulp    0x000000000800cf50       0x58 d:/st/stm32cubeide_1.6.0/stm32cubeide/plugins/com.st.stm32cube.ide.mcu.externaltools.gnu-tools-for-stm32.9-2020-q2-update.win32_1.5.0.202011040924/tools/bin/../lib/gcc/arm-none-eabi/9.3.1/../../../../arm-none-eabi/lib/thumb/v7e-m+fp/hard\libc_nano.a(lib_a-mprec.o)
                0x000000000800cf50                __ulp
 .text.__b2d    0x000000000800cfa8       0xa0 d:/st/stm32cubeide_1.6.0/stm32cubeide/plugins/com.st.stm32cube.ide.mcu.externaltools.gnu-tools-for-stm32.9-2020-q2-update.win32_1.5.0.202011040924/tools/bin/../lib/gcc/arm-none-eabi/9.3.1/../../../../arm-none-eabi/lib/thumb/v7e-m+fp/hard\libc_nano.a(lib_a-mprec.o)
                0x000000000800cfa8                __b2d
 .text.__d2b    0x000000000800d048       0xb8 d:/st/stm32cubeide_1.6.0/stm32cubeide/plugins/com.st.stm32cube.ide.mcu.externaltools.gnu-tools-for-stm32.9-2020-q2-update.win32_1.5.0.202011040924/tools/bin/../lib/gcc/arm-none-eabi/9.3.1/../../../../arm-none-eabi/lib/thumb/v7e-m+fp/hard\libc_nano.a(lib_a-mprec.o)
                0x000000000800d048                __d2b
 .text.__ratio  0x000000000800d100       0x66 d:/st/stm32cubeide_1.6.0/stm32cubeide/plugins/com.st.stm32cube.ide.mcu.externaltools.gnu-tools-for-stm32.9-2020-q2-update.win32_1.5.0.202011040924/tools/bin/../lib/gcc/arm-none-eabi/9.3.1/../../../../arm-none-eabi/lib/thumb/v7e-m+fp/hard\libc_nano.a(lib_a-mprec.o)
                0x000000000800d100                __ratio
 .text.__copybits
                0x000000000800d166       0x46 d:/st/stm32cubeide_1.6.0/stm32cubeide/plugins/com.st.stm32cube.ide.mcu.externaltools.gnu-tools-for-stm32.9-2020-q2-update.win32_1.5.0.202011040924/tools/bin/../lib/gcc/arm-none-eabi/9.3.1/../../../../arm-none-eabi/lib/thumb/v7e-m+fp/hard\libc_nano.a(lib_a-mprec.o)
                0x000000000800d166                __copybits
 .text.__any_on
                0x000000000800d1ac       0x42 d:/st/stm32cubeide_1.6.0/stm32cubeide/plugins/com.st.stm32cube.ide.mcu.externaltools.gnu-tools-for-stm32.9-2020-q2-update.win32_1.5.0.202011040924/tools/bin/../lib/gcc/arm-none-eabi/9.3.1/../../../../arm-none-eabi/lib/thumb/v7e-m+fp/hard\libc_nano.a(lib_a-mprec.o)
                0x000000000800d1ac                __any_on
 .text._calloc_r
                0x000000000800d1ee       0x1e d:/st/stm32cubeide_1.6.0/stm32cubeide/plugins/com.st.stm32cube.ide.mcu.externaltools.gnu-tools-for-stm32.9-2020-q2-update.win32_1.5.0.202011040924/tools/bin/../lib/gcc/arm-none-eabi/9.3.1/../../../../arm-none-eabi/lib/thumb/v7e-m+fp/hard\libc_nano.a(lib_a-nano-callocr.o)
                0x000000000800d1ee                _calloc_r
 .text._free_r  0x000000000800d20c       0xa0 d:/st/stm32cubeide_1.6.0/stm32cubeide/plugins/com.st.stm32cube.ide.mcu.externaltools.gnu-tools-for-stm32.9-2020-q2-update.win32_1.5.0.202011040924/tools/bin/../lib/gcc/arm-none-eabi/9.3.1/../../../../arm-none-eabi/lib/thumb/v7e-m+fp/hard\libc_nano.a(lib_a-nano-freer.o)
                0x000000000800d20c                _free_r
 .text._malloc_r
                0x000000000800d2ac       0xb4 d:/st/stm32cubeide_1.6.0/stm32cubeide/plugins/com.st.stm32cube.ide.mcu.externaltools.gnu-tools-for-stm32.9-2020-q2-update.win32_1.5.0.202011040924/tools/bin/../lib/gcc/arm-none-eabi/9.3.1/../../../../arm-none-eabi/lib/thumb/v7e-m+fp/hard\libc_nano.a(lib_a-nano-mallocr.o)
                0x000000000800d2ac                _malloc_r
 .text.__ssputs_r
                0x000000000800d360       0xb6 d:/st/stm32cubeide_1.6.0/stm32cubeide/plugins/com.st.stm32cube.ide.mcu.externaltools.gnu-tools-for-stm32.9-2020-q2-update.win32_1.5.0.202011040924/tools/bin/../lib/gcc/arm-none-eabi/9.3.1/../../../../arm-none-eabi/lib/thumb/v7e-m+fp/hard\libc_nano.a(lib_a-nano-svfprintf.o)
                0x000000000800d360                __ssputs_r
 *fill*         0x000000000800d416        0x2 
 .text._svfprintf_r
                0x000000000800d418      0x200 d:/st/stm32cubeide_1.6.0/stm32cubeide/plugins/com.st.stm32cube.ide.mcu.externaltools.gnu-tools-for-stm32.9-2020-q2-update.win32_1.5.0.202011040924/tools/bin/../lib/gcc/arm-none-eabi/9.3.1/../../../../arm-none-eabi/lib/thumb/v7e-m+fp/hard\libc_nano.a(lib_a-nano-svfprintf.o)
                0x000000000800d418                _svfiprintf_r
                0x000000000800d418                _svfprintf_r
 .text.nan      0x000000000800d618       0x10 d:/st/stm32cubeide_1.6.0/stm32cubeide/plugins/com.st.stm32cube.ide.mcu.externaltools.gnu-tools-for-stm32.9-2020-q2-update.win32_1.5.0.202011040924/tools/bin/../lib/gcc/arm-none-eabi/9.3.1/../../../../arm-none-eabi/lib/thumb/v7e-m+fp/hard\libc_nano.a(lib_a-s_nan.o)
                0x000000000800d618                nan
 .text._sbrk_r  0x000000000800d628       0x20 d:/st/stm32cubeide_1.6.0/stm32cubeide/plugins/com.st.stm32cube.ide.mcu.externaltools.gnu-tools-for-stm32.9-2020-q2-update.win32_1.5.0.202011040924/tools/bin/../lib/gcc/arm-none-eabi/9.3.1/../../../../arm-none-eabi/lib/thumb/v7e-m+fp/hard\libc_nano.a(lib_a-sbrkr.o)
                0x000000000800d628                _sbrk_r
 .text.strncmp  0x000000000800d648       0x24 d:/st/stm32cubeide_1.6.0/stm32cubeide/plugins/com.st.stm32cube.ide.mcu.externaltools.gnu-tools-for-stm32.9-2020-q2-update.win32_1.5.0.202011040924/tools/bin/../lib/gcc/arm-none-eabi/9.3.1/../../../../arm-none-eabi/lib/thumb/v7e-m+fp/hard\libc_nano.a(lib_a-strncmp.o)
                0x000000000800d648                strncmp
 .text.__ascii_wctomb
                0x000000000800d66c       0x1a d:/st/stm32cubeide_1.6.0/stm32cubeide/plugins/com.st.stm32cube.ide.mcu.externaltools.gnu-tools-for-stm32.9-2020-q2-update.win32_1.5.0.202011040924/tools/bin/../lib/gcc/arm-none-eabi/9.3.1/../../../../arm-none-eabi/lib/thumb/v7e-m+fp/hard\libc_nano.a(lib_a-wctomb_r.o)
                0x000000000800d66c                __ascii_wctomb
 *fill*         0x000000000800d686        0x2 
 .text.__assert_func
                0x000000000800d688       0x3c d:/st/stm32cubeide_1.6.0/stm32cubeide/plugins/com.st.stm32cube.ide.mcu.externaltools.gnu-tools-for-stm32.9-2020-q2-update.win32_1.5.0.202011040924/tools/bin/../lib/gcc/arm-none-eabi/9.3.1/../../../../arm-none-eabi/lib/thumb/v7e-m+fp/hard\libc_nano.a(lib_a-assert.o)
                0x000000000800d688                __assert_func
 .text.fprintf  0x000000000800d6c4       0x24 d:/st/stm32cubeide_1.6.0/stm32cubeide/plugins/com.st.stm32cube.ide.mcu.externaltools.gnu-tools-for-stm32.9-2020-q2-update.win32_1.5.0.202011040924/tools/bin/../lib/gcc/arm-none-eabi/9.3.1/../../../../arm-none-eabi/lib/thumb/v7e-m+fp/hard\libc_nano.a(lib_a-fprintf.o)
                0x000000000800d6c4                fiprintf
                0x000000000800d6c4                fprintf
 .text.memmove  0x000000000800d6e8       0x34 d:/st/stm32cubeide_1.6.0/stm32cubeide/plugins/com.st.stm32cube.ide.mcu.externaltools.gnu-tools-for-stm32.9-2020-q2-update.win32_1.5.0.202011040924/tools/bin/../lib/gcc/arm-none-eabi/9.3.1/../../../../arm-none-eabi/lib/thumb/v7e-m+fp/hard\libc_nano.a(lib_a-memmove.o)
                0x000000000800d6e8                memmove
 .text.__malloc_lock
                0x000000000800d71c        0xc d:/st/stm32cubeide_1.6.0/stm32cubeide/plugins/com.st.stm32cube.ide.mcu.externaltools.gnu-tools-for-stm32.9-2020-q2-update.win32_1.5.0.202011040924/tools/bin/../lib/gcc/arm-none-eabi/9.3.1/../../../../arm-none-eabi/lib/thumb/v7e-m+fp/hard\libc_nano.a(lib_a-mlock.o)
                0x000000000800d71c                __malloc_lock
 .text.__malloc_unlock
                0x000000000800d728        0xc d:/st/stm32cubeide_1.6.0/stm32cubeide/plugins/com.st.stm32cube.ide.mcu.externaltools.gnu-tools-for-stm32.9-2020-q2-update.win32_1.5.0.202011040924/tools/bin/../lib/gcc/arm-none-eabi/9.3.1/../../../../arm-none-eabi/lib/thumb/v7e-m+fp/hard\libc_nano.a(lib_a-mlock.o)
                0x000000000800d728                __malloc_unlock
 .text._realloc_r
                0x000000000800d734       0x4c d:/st/stm32cubeide_1.6.0/stm32cubeide/plugins/com.st.stm32cube.ide.mcu.externaltools.gnu-tools-for-stm32.9-2020-q2-update.win32_1.5.0.202011040924/tools/bin/../lib/gcc/arm-none-eabi/9.3.1/../../../../arm-none-eabi/lib/thumb/v7e-m+fp/hard\libc_nano.a(lib_a-nano-reallocr.o)
                0x000000000800d734                _realloc_r
 .text.__sfputc_r
                0x000000000800d780       0x2e d:/st/stm32cubeide_1.6.0/stm32cubeide/plugins/com.st.stm32cube.ide.mcu.externaltools.gnu-tools-for-stm32.9-2020-q2-update.win32_1.5.0.202011040924/tools/bin/../lib/gcc/arm-none-eabi/9.3.1/../../../../arm-none-eabi/lib/thumb/v7e-m+fp/hard\libc_nano.a(lib_a-nano-vfprintf.o)
 .text.__sfputs_r
                0x000000000800d7ae       0x24 d:/st/stm32cubeide_1.6.0/stm32cubeide/plugins/com.st.stm32cube.ide.mcu.externaltools.gnu-tools-for-stm32.9-2020-q2-update.win32_1.5.0.202011040924/tools/bin/../lib/gcc/arm-none-eabi/9.3.1/../../../../arm-none-eabi/lib/thumb/v7e-m+fp/hard\libc_nano.a(lib_a-nano-vfprintf.o)
                0x000000000800d7ae                __sfputs_r
 *fill*         0x000000000800d7d2        0x2 
 .text._vfprintf_r
                0x000000000800d7d4      0x260 d:/st/stm32cubeide_1.6.0/stm32cubeide/plugins/com.st.stm32cube.ide.mcu.externaltools.gnu-tools-for-stm32.9-2020-q2-update.win32_1.5.0.202011040924/tools/bin/../lib/gcc/arm-none-eabi/9.3.1/../../../../arm-none-eabi/lib/thumb/v7e-m+fp/hard\libc_nano.a(lib_a-nano-vfprintf.o)
                0x000000000800d7d4                _vfprintf_r
                0x000000000800d7d4                _vfiprintf_r
 .text.__swbuf_r
                0x000000000800da34       0xa4 d:/st/stm32cubeide_1.6.0/stm32cubeide/plugins/com.st.stm32cube.ide.mcu.externaltools.gnu-tools-for-stm32.9-2020-q2-update.win32_1.5.0.202011040924/tools/bin/../lib/gcc/arm-none-eabi/9.3.1/../../../../arm-none-eabi/lib/thumb/v7e-m+fp/hard\libc_nano.a(lib_a-wbuf.o)
                0x000000000800da34                __swbuf_r
 .text.__swsetup_r
                0x000000000800dad8       0xdc d:/st/stm32cubeide_1.6.0/stm32cubeide/plugins/com.st.stm32cube.ide.mcu.externaltools.gnu-tools-for-stm32.9-2020-q2-update.win32_1.5.0.202011040924/tools/bin/../lib/gcc/arm-none-eabi/9.3.1/../../../../arm-none-eabi/lib/thumb/v7e-m+fp/hard\libc_nano.a(lib_a-wsetup.o)
                0x000000000800dad8                __swsetup_r
 .text.abort    0x000000000800dbb4        0xe d:/st/stm32cubeide_1.6.0/stm32cubeide/plugins/com.st.stm32cube.ide.mcu.externaltools.gnu-tools-for-stm32.9-2020-q2-update.win32_1.5.0.202011040924/tools/bin/../lib/gcc/arm-none-eabi/9.3.1/../../../../arm-none-eabi/lib/thumb/v7e-m+fp/hard\libc_nano.a(lib_a-abort.o)
                0x000000000800dbb4                abort
 *fill*         0x000000000800dbc2        0x2 
 .text.__sflush_r
                0x000000000800dbc4      0x10c d:/st/stm32cubeide_1.6.0/stm32cubeide/plugins/com.st.stm32cube.ide.mcu.externaltools.gnu-tools-for-stm32.9-2020-q2-update.win32_1.5.0.202011040924/tools/bin/../lib/gcc/arm-none-eabi/9.3.1/../../../../arm-none-eabi/lib/thumb/v7e-m+fp/hard\libc_nano.a(lib_a-fflush.o)
                0x000000000800dbc4                __sflush_r
 .text._fflush_r
                0x000000000800dcd0       0x78 d:/st/stm32cubeide_1.6.0/stm32cubeide/plugins/com.st.stm32cube.ide.mcu.externaltools.gnu-tools-for-stm32.9-2020-q2-update.win32_1.5.0.202011040924/tools/bin/../lib/gcc/arm-none-eabi/9.3.1/../../../../arm-none-eabi/lib/thumb/v7e-m+fp/hard\libc_nano.a(lib_a-fflush.o)
                0x000000000800dcd0                _fflush_r
 .text.std      0x000000000800dd48       0x48 d:/st/stm32cubeide_1.6.0/stm32cubeide/plugins/com.st.stm32cube.ide.mcu.externaltools.gnu-tools-for-stm32.9-2020-q2-update.win32_1.5.0.202011040924/tools/bin/../lib/gcc/arm-none-eabi/9.3.1/../../../../arm-none-eabi/lib/thumb/v7e-m+fp/hard\libc_nano.a(lib_a-findfp.o)
 .text._cleanup_r
                0x000000000800dd90        0xc d:/st/stm32cubeide_1.6.0/stm32cubeide/plugins/com.st.stm32cube.ide.mcu.externaltools.gnu-tools-for-stm32.9-2020-q2-update.win32_1.5.0.202011040924/tools/bin/../lib/gcc/arm-none-eabi/9.3.1/../../../../arm-none-eabi/lib/thumb/v7e-m+fp/hard\libc_nano.a(lib_a-findfp.o)
                0x000000000800dd90                _cleanup_r
 .text.__sfmoreglue
                0x000000000800dd9c       0x2c d:/st/stm32cubeide_1.6.0/stm32cubeide/plugins/com.st.stm32cube.ide.mcu.externaltools.gnu-tools-for-stm32.9-2020-q2-update.win32_1.5.0.202011040924/tools/bin/../lib/gcc/arm-none-eabi/9.3.1/../../../../arm-none-eabi/lib/thumb/v7e-m+fp/hard\libc_nano.a(lib_a-findfp.o)
                0x000000000800dd9c                __sfmoreglue
 .text.__sfp_lock_acquire
                0x000000000800ddc8        0xc d:/st/stm32cubeide_1.6.0/stm32cubeide/plugins/com.st.stm32cube.ide.mcu.externaltools.gnu-tools-for-stm32.9-2020-q2-update.win32_1.5.0.202011040924/tools/bin/../lib/gcc/arm-none-eabi/9.3.1/../../../../arm-none-eabi/lib/thumb/v7e-m+fp/hard\libc_nano.a(lib_a-findfp.o)
                0x000000000800ddc8                __sfp_lock_acquire
 .text.__sfp_lock_release
                0x000000000800ddd4        0xc d:/st/stm32cubeide_1.6.0/stm32cubeide/plugins/com.st.stm32cube.ide.mcu.externaltools.gnu-tools-for-stm32.9-2020-q2-update.win32_1.5.0.202011040924/tools/bin/../lib/gcc/arm-none-eabi/9.3.1/../../../../arm-none-eabi/lib/thumb/v7e-m+fp/hard\libc_nano.a(lib_a-findfp.o)
                0x000000000800ddd4                __sfp_lock_release
 .text.__sinit_lock_acquire
                0x000000000800dde0        0xc d:/st/stm32cubeide_1.6.0/stm32cubeide/plugins/com.st.stm32cube.ide.mcu.externaltools.gnu-tools-for-stm32.9-2020-q2-update.win32_1.5.0.202011040924/tools/bin/../lib/gcc/arm-none-eabi/9.3.1/../../../../arm-none-eabi/lib/thumb/v7e-m+fp/hard\libc_nano.a(lib_a-findfp.o)
                0x000000000800dde0                __sinit_lock_acquire
 .text.__sinit_lock_release
                0x000000000800ddec        0xc d:/st/stm32cubeide_1.6.0/stm32cubeide/plugins/com.st.stm32cube.ide.mcu.externaltools.gnu-tools-for-stm32.9-2020-q2-update.win32_1.5.0.202011040924/tools/bin/../lib/gcc/arm-none-eabi/9.3.1/../../../../arm-none-eabi/lib/thumb/v7e-m+fp/hard\libc_nano.a(lib_a-findfp.o)
                0x000000000800ddec                __sinit_lock_release
 .text.__sinit  0x000000000800ddf8       0x70 d:/st/stm32cubeide_1.6.0/stm32cubeide/plugins/com.st.stm32cube.ide.mcu.externaltools.gnu-tools-for-stm32.9-2020-q2-update.win32_1.5.0.202011040924/tools/bin/../lib/gcc/arm-none-eabi/9.3.1/../../../../arm-none-eabi/lib/thumb/v7e-m+fp/hard\libc_nano.a(lib_a-findfp.o)
                0x000000000800ddf8                __sinit
 .text.__sfp    0x000000000800de68       0x8c d:/st/stm32cubeide_1.6.0/stm32cubeide/plugins/com.st.stm32cube.ide.mcu.externaltools.gnu-tools-for-stm32.9-2020-q2-update.win32_1.5.0.202011040924/tools/bin/../lib/gcc/arm-none-eabi/9.3.1/../../../../arm-none-eabi/lib/thumb/v7e-m+fp/hard\libc_nano.a(lib_a-findfp.o)
                0x000000000800de68                __sfp
 .text._fwalk_reent
                0x000000000800def4       0x3e d:/st/stm32cubeide_1.6.0/stm32cubeide/plugins/com.st.stm32cube.ide.mcu.externaltools.gnu-tools-for-stm32.9-2020-q2-update.win32_1.5.0.202011040924/tools/bin/../lib/gcc/arm-none-eabi/9.3.1/../../../../arm-none-eabi/lib/thumb/v7e-m+fp/hard\libc_nano.a(lib_a-fwalk.o)
                0x000000000800def4                _fwalk_reent
 .text.__retarget_lock_init_recursive
                0x000000000800df32        0x2 d:/st/stm32cubeide_1.6.0/stm32cubeide/plugins/com.st.stm32cube.ide.mcu.externaltools.gnu-tools-for-stm32.9-2020-q2-update.win32_1.5.0.202011040924/tools/bin/../lib/gcc/arm-none-eabi/9.3.1/../../../../arm-none-eabi/lib/thumb/v7e-m+fp/hard\libc_nano.a(lib_a-lock.o)
                0x000000000800df32                __retarget_lock_init_recursive
 .text.__retarget_lock_acquire_recursive
                0x000000000800df34        0x2 d:/st/stm32cubeide_1.6.0/stm32cubeide/plugins/com.st.stm32cube.ide.mcu.externaltools.gnu-tools-for-stm32.9-2020-q2-update.win32_1.5.0.202011040924/tools/bin/../lib/gcc/arm-none-eabi/9.3.1/../../../../arm-none-eabi/lib/thumb/v7e-m+fp/hard\libc_nano.a(lib_a-lock.o)
                0x000000000800df34                __retarget_lock_acquire_recursive
 .text.__retarget_lock_release_recursive
                0x000000000800df36        0x2 d:/st/stm32cubeide_1.6.0/stm32cubeide/plugins/com.st.stm32cube.ide.mcu.externaltools.gnu-tools-for-stm32.9-2020-q2-update.win32_1.5.0.202011040924/tools/bin/../lib/gcc/arm-none-eabi/9.3.1/../../../../arm-none-eabi/lib/thumb/v7e-m+fp/hard\libc_nano.a(lib_a-lock.o)
                0x000000000800df36                __retarget_lock_release_recursive
 .text.__swhatbuf_r
                0x000000000800df38       0x48 d:/st/stm32cubeide_1.6.0/stm32cubeide/plugins/com.st.stm32cube.ide.mcu.externaltools.gnu-tools-for-stm32.9-2020-q2-update.win32_1.5.0.202011040924/tools/bin/../lib/gcc/arm-none-eabi/9.3.1/../../../../arm-none-eabi/lib/thumb/v7e-m+fp/hard\libc_nano.a(lib_a-makebuf.o)
                0x000000000800df38                __swhatbuf_r
 .text.__smakebuf_r
                0x000000000800df80       0x80 d:/st/stm32cubeide_1.6.0/stm32cubeide/plugins/com.st.stm32cube.ide.mcu.externaltools.gnu-tools-for-stm32.9-2020-q2-update.win32_1.5.0.202011040924/tools/bin/../lib/gcc/arm-none-eabi/9.3.1/../../../../arm-none-eabi/lib/thumb/v7e-m+fp/hard\libc_nano.a(lib_a-makebuf.o)
                0x000000000800df80                __smakebuf_r
 .text._malloc_usable_size_r
                0x000000000800e000       0x10 d:/st/stm32cubeide_1.6.0/stm32cubeide/plugins/com.st.stm32cube.ide.mcu.externaltools.gnu-tools-for-stm32.9-2020-q2-update.win32_1.5.0.202011040924/tools/bin/../lib/gcc/arm-none-eabi/9.3.1/../../../../arm-none-eabi/lib/thumb/v7e-m+fp/hard\libc_nano.a(lib_a-nano-msizer.o)
                0x000000000800e000                _malloc_usable_size_r
 .text._raise_r
                0x000000000800e010       0x50 d:/st/stm32cubeide_1.6.0/stm32cubeide/plugins/com.st.stm32cube.ide.mcu.externaltools.gnu-tools-for-stm32.9-2020-q2-update.win32_1.5.0.202011040924/tools/bin/../lib/gcc/arm-none-eabi/9.3.1/../../../../arm-none-eabi/lib/thumb/v7e-m+fp/hard\libc_nano.a(lib_a-signal.o)
                0x000000000800e010                _raise_r
 .text.raise    0x000000000800e060       0x10 d:/st/stm32cubeide_1.6.0/stm32cubeide/plugins/com.st.stm32cube.ide.mcu.externaltools.gnu-tools-for-stm32.9-2020-q2-update.win32_1.5.0.202011040924/tools/bin/../lib/gcc/arm-none-eabi/9.3.1/../../../../arm-none-eabi/lib/thumb/v7e-m+fp/hard\libc_nano.a(lib_a-signal.o)
                0x000000000800e060                raise
 .text._kill_r  0x000000000800e070       0x24 d:/st/stm32cubeide_1.6.0/stm32cubeide/plugins/com.st.stm32cube.ide.mcu.externaltools.gnu-tools-for-stm32.9-2020-q2-update.win32_1.5.0.202011040924/tools/bin/../lib/gcc/arm-none-eabi/9.3.1/../../../../arm-none-eabi/lib/thumb/v7e-m+fp/hard\libc_nano.a(lib_a-signalr.o)
                0x000000000800e070                _kill_r
 .text._getpid_r
                0x000000000800e094        0x4 d:/st/stm32cubeide_1.6.0/stm32cubeide/plugins/com.st.stm32cube.ide.mcu.externaltools.gnu-tools-for-stm32.9-2020-q2-update.win32_1.5.0.202011040924/tools/bin/../lib/gcc/arm-none-eabi/9.3.1/../../../../arm-none-eabi/lib/thumb/v7e-m+fp/hard\libc_nano.a(lib_a-signalr.o)
                0x000000000800e094                _getpid_r
 .text.__sread  0x000000000800e098       0x22 d:/st/stm32cubeide_1.6.0/stm32cubeide/plugins/com.st.stm32cube.ide.mcu.externaltools.gnu-tools-for-stm32.9-2020-q2-update.win32_1.5.0.202011040924/tools/bin/../lib/gcc/arm-none-eabi/9.3.1/../../../../arm-none-eabi/lib/thumb/v7e-m+fp/hard\libc_nano.a(lib_a-stdio.o)
                0x000000000800e098                __sread
 .text.__swrite
                0x000000000800e0ba       0x38 d:/st/stm32cubeide_1.6.0/stm32cubeide/plugins/com.st.stm32cube.ide.mcu.externaltools.gnu-tools-for-stm32.9-2020-q2-update.win32_1.5.0.202011040924/tools/bin/../lib/gcc/arm-none-eabi/9.3.1/../../../../arm-none-eabi/lib/thumb/v7e-m+fp/hard\libc_nano.a(lib_a-stdio.o)
                0x000000000800e0ba                __swrite
 .text.__sseek  0x000000000800e0f2       0x24 d:/st/stm32cubeide_1.6.0/stm32cubeide/plugins/com.st.stm32cube.ide.mcu.externaltools.gnu-tools-for-stm32.9-2020-q2-update.win32_1.5.0.202011040924/tools/bin/../lib/gcc/arm-none-eabi/9.3.1/../../../../arm-none-eabi/lib/thumb/v7e-m+fp/hard\libc_nano.a(lib_a-stdio.o)
                0x000000000800e0f2                __sseek
 .text.__sclose
                0x000000000800e116        0x8 d:/st/stm32cubeide_1.6.0/stm32cubeide/plugins/com.st.stm32cube.ide.mcu.externaltools.gnu-tools-for-stm32.9-2020-q2-update.win32_1.5.0.202011040924/tools/bin/../lib/gcc/arm-none-eabi/9.3.1/../../../../arm-none-eabi/lib/thumb/v7e-m+fp/hard\libc_nano.a(lib_a-stdio.o)
                0x000000000800e116                __sclose
 *fill*         0x000000000800e11e        0x2 
 .text._write_r
                0x000000000800e120       0x24 d:/st/stm32cubeide_1.6.0/stm32cubeide/plugins/com.st.stm32cube.ide.mcu.externaltools.gnu-tools-for-stm32.9-2020-q2-update.win32_1.5.0.202011040924/tools/bin/../lib/gcc/arm-none-eabi/9.3.1/../../../../arm-none-eabi/lib/thumb/v7e-m+fp/hard\libc_nano.a(lib_a-writer.o)
                0x000000000800e120                _write_r
 .text._close_r
                0x000000000800e144       0x20 d:/st/stm32cubeide_1.6.0/stm32cubeide/plugins/com.st.stm32cube.ide.mcu.externaltools.gnu-tools-for-stm32.9-2020-q2-update.win32_1.5.0.202011040924/tools/bin/../lib/gcc/arm-none-eabi/9.3.1/../../../../arm-none-eabi/lib/thumb/v7e-m+fp/hard\libc_nano.a(lib_a-closer.o)
                0x000000000800e144                _close_r
 .text._fstat_r
                0x000000000800e164       0x24 d:/st/stm32cubeide_1.6.0/stm32cubeide/plugins/com.st.stm32cube.ide.mcu.externaltools.gnu-tools-for-stm32.9-2020-q2-update.win32_1.5.0.202011040924/tools/bin/../lib/gcc/arm-none-eabi/9.3.1/../../../../arm-none-eabi/lib/thumb/v7e-m+fp/hard\libc_nano.a(lib_a-fstatr.o)
                0x000000000800e164                _fstat_r
 .text._isatty_r
                0x000000000800e188       0x20 d:/st/stm32cubeide_1.6.0/stm32cubeide/plugins/com.st.stm32cube.ide.mcu.externaltools.gnu-tools-for-stm32.9-2020-q2-update.win32_1.5.0.202011040924/tools/bin/../lib/gcc/arm-none-eabi/9.3.1/../../../../arm-none-eabi/lib/thumb/v7e-m+fp/hard\libc_nano.a(lib_a-isattyr.o)
                0x000000000800e188                _isatty_r
 .text._lseek_r
                0x000000000800e1a8       0x24 d:/st/stm32cubeide_1.6.0/stm32cubeide/plugins/com.st.stm32cube.ide.mcu.externaltools.gnu-tools-for-stm32.9-2020-q2-update.win32_1.5.0.202011040924/tools/bin/../lib/gcc/arm-none-eabi/9.3.1/../../../../arm-none-eabi/lib/thumb/v7e-m+fp/hard\libc_nano.a(lib_a-lseekr.o)
                0x000000000800e1a8                _lseek_r
 .text._read_r  0x000000000800e1cc       0x24 d:/st/stm32cubeide_1.6.0/stm32cubeide/plugins/com.st.stm32cube.ide.mcu.externaltools.gnu-tools-for-stm32.9-2020-q2-update.win32_1.5.0.202011040924/tools/bin/../lib/gcc/arm-none-eabi/9.3.1/../../../../arm-none-eabi/lib/thumb/v7e-m+fp/hard\libc_nano.a(lib_a-readr.o)
                0x000000000800e1cc                _read_r
 *(.glue_7)
 .glue_7        0x000000000800e1f0        0x0 linker stubs
 *(.glue_7t)
 .glue_7t       0x000000000800e1f0        0x0 linker stubs
 *(.eh_frame)
 .eh_frame      0x000000000800e1f0        0x0 d:/st/stm32cubeide_1.6.0/stm32cubeide/plugins/com.st.stm32cube.ide.mcu.externaltools.gnu-tools-for-stm32.9-2020-q2-update.win32_1.5.0.202011040924/tools/bin/../lib/gcc/arm-none-eabi/9.3.1/thumb/v7e-m+fp/hard/crtbegin.o
 *(.init)
 .init          0x000000000800e1f0        0x4 d:/st/stm32cubeide_1.6.0/stm32cubeide/plugins/com.st.stm32cube.ide.mcu.externaltools.gnu-tools-for-stm32.9-2020-q2-update.win32_1.5.0.202011040924/tools/bin/../lib/gcc/arm-none-eabi/9.3.1/thumb/v7e-m+fp/hard/crti.o
                0x000000000800e1f0                _init
 .init          0x000000000800e1f4        0x8 d:/st/stm32cubeide_1.6.0/stm32cubeide/plugins/com.st.stm32cube.ide.mcu.externaltools.gnu-tools-for-stm32.9-2020-q2-update.win32_1.5.0.202011040924/tools/bin/../lib/gcc/arm-none-eabi/9.3.1/thumb/v7e-m+fp/hard/crtn.o
 *(.fini)
 .fini          0x000000000800e1fc        0x4 d:/st/stm32cubeide_1.6.0/stm32cubeide/plugins/com.st.stm32cube.ide.mcu.externaltools.gnu-tools-for-stm32.9-2020-q2-update.win32_1.5.0.202011040924/tools/bin/../lib/gcc/arm-none-eabi/9.3.1/thumb/v7e-m+fp/hard/crti.o
                0x000000000800e1fc                _fini
 .fini          0x000000000800e200        0x8 d:/st/stm32cubeide_1.6.0/stm32cubeide/plugins/com.st.stm32cube.ide.mcu.externaltools.gnu-tools-for-stm32.9-2020-q2-update.win32_1.5.0.202011040924/tools/bin/../lib/gcc/arm-none-eabi/9.3.1/thumb/v7e-m+fp/hard/crtn.o
                0x000000000800e208                . = ALIGN (0x4)
                0x000000000800e208                _etext = .

.vfp11_veneer   0x000000000800e208        0x0
 .vfp11_veneer  0x000000000800e208        0x0 linker stubs

.v4_bx          0x000000000800e208        0x0
 .v4_bx         0x000000000800e208        0x0 linker stubs

.iplt           0x000000000800e208        0x0
 .iplt          0x000000000800e208        0x0 d:/st/stm32cubeide_1.6.0/stm32cubeide/plugins/com.st.stm32cube.ide.mcu.externaltools.gnu-tools-for-stm32.9-2020-q2-update.win32_1.5.0.202011040924/tools/bin/../lib/gcc/arm-none-eabi/9.3.1/thumb/v7e-m+fp/hard/crtbegin.o

.rodata         0x000000000800e208     0x3744
                0x000000000800e208                . = ALIGN (0x4)
 *(.rodata)
 .rodata        0x000000000800e208       0x87 Core/Src/SD.o
 *fill*         0x000000000800e28f        0x1 
 .rodata        0x000000000800e290       0x23 Core/Src/gps_neo6.o
 *fill*         0x000000000800e2b3        0x1 